
================================================================================
Time: 2025-11-25 08:02:06
Message: The DELETE statement conflicted with the REFERENCE constraint "FK_SuatChieu_Phim". The conflict occurred in database "CinemaDB", table "dbo.Suat_Chieu", column 'phim_id'.
The statement has been terminated.

Stack Trace:    at System.Data.SqlClient.SqlConnection.OnError(SqlException exception, Boolean breakConnection, Action`1 wrapCloseInAction)
   at System.Data.SqlClient.TdsParser.ThrowExceptionAndWarning(TdsParserStateObject stateObj, Boolean callerHasConnectionLock, Boolean asyncClose)
   at System.Data.SqlClient.TdsParser.TryRun(RunBehavior runBehavior, SqlCommand cmdHandler, SqlDataReader dataStream, BulkCopySimpleResultSet bulkCopyHandler, TdsParserStateObject stateObj, Boolean& dataReady)
   at System.Data.SqlClient.SqlCommand.FinishExecuteReader(SqlDataReader ds, RunBehavior runBehavior, String resetOptionsString, Boolean isInternal, Boolean forDescribeParameterEncryption, Boolean shouldCacheForAlwaysEncrypted)
   at System.Data.SqlClient.SqlCommand.RunExecuteReaderTds(CommandBehavior cmdBehavior, RunBehavior runBehavior, Boolean returnStream, Boolean async, Int32 timeout, Task& task, Boolean asyncWrite, Boolean inRetry, SqlDataReader ds, Boolean describeParameterEncryptionRequest)
   at System.Data.SqlClient.SqlCommand.RunExecuteReader(CommandBehavior cmdBehavior, RunBehavior runBehavior, Boolean returnStream, String method, TaskCompletionSource`1 completion, Int32 timeout, Task& task, Boolean& usedCache, Boolean asyncWrite, Boolean inRetry)
   at System.Data.SqlClient.SqlCommand.InternalExecuteNonQuery(TaskCompletionSource`1 completion, String methodName, Boolean sendToPipe, Int32 timeout, Boolean& usedCache, Boolean asyncWrite, Boolean inRetry)
   at System.Data.SqlClient.SqlCommand.ExecuteNonQuery()
   at System.Data.Linq.SqlClient.SqlProvider.Execute(Expression query, QueryInfo queryInfo, IObjectReaderFactory factory, Object[] parentArgs, Object[] userArgs, ICompiledSubQuery[] subQueries, Object lastResult)
   at System.Data.Linq.SqlClient.SqlProvider.ExecuteAll(Expression query, QueryInfo[] queryInfos, IObjectReaderFactory factory, Object[] userArguments, ICompiledSubQuery[] subQueries)
   at System.Data.Linq.SqlClient.SqlProvider.System.Data.Linq.Provider.IProvider.Execute(Expression query)
   at System.Data.Linq.ChangeDirector.StandardChangeDirector.DynamicDelete(TrackedObject item)
   at System.Data.Linq.ChangeProcessor.SubmitChanges(ConflictMode failureMode)
   at System.Data.Linq.DataContext.SubmitChanges(ConflictMode failureMode)
   at WebCinema.Areas.Admin.Controllers.MovieManagementController.Delete(Int32 id) in D:\WebQLRCP\WebCinema\Areas\Admin\Controllers\MovieManagementController.cs:line 345
Inner Exception: None
================================================================================

================================================================================
Time: 2025-11-25 08:02:12
Message: The DELETE statement conflicted with the REFERENCE constraint "FK_SuatChieu_Phim". The conflict occurred in database "CinemaDB", table "dbo.Suat_Chieu", column 'phim_id'.
The statement has been terminated.

Stack Trace:    at System.Data.SqlClient.SqlConnection.OnError(SqlException exception, Boolean breakConnection, Action`1 wrapCloseInAction)
   at System.Data.SqlClient.TdsParser.ThrowExceptionAndWarning(TdsParserStateObject stateObj, Boolean callerHasConnectionLock, Boolean asyncClose)
   at System.Data.SqlClient.TdsParser.TryRun(RunBehavior runBehavior, SqlCommand cmdHandler, SqlDataReader dataStream, BulkCopySimpleResultSet bulkCopyHandler, TdsParserStateObject stateObj, Boolean& dataReady)
   at System.Data.SqlClient.SqlCommand.FinishExecuteReader(SqlDataReader ds, RunBehavior runBehavior, String resetOptionsString, Boolean isInternal, Boolean forDescribeParameterEncryption, Boolean shouldCacheForAlwaysEncrypted)
   at System.Data.SqlClient.SqlCommand.RunExecuteReaderTds(CommandBehavior cmdBehavior, RunBehavior runBehavior, Boolean returnStream, Boolean async, Int32 timeout, Task& task, Boolean asyncWrite, Boolean inRetry, SqlDataReader ds, Boolean describeParameterEncryptionRequest)
   at System.Data.SqlClient.SqlCommand.RunExecuteReader(CommandBehavior cmdBehavior, RunBehavior runBehavior, Boolean returnStream, String method, TaskCompletionSource`1 completion, Int32 timeout, Task& task, Boolean& usedCache, Boolean asyncWrite, Boolean inRetry)
   at System.Data.SqlClient.SqlCommand.InternalExecuteNonQuery(TaskCompletionSource`1 completion, String methodName, Boolean sendToPipe, Int32 timeout, Boolean& usedCache, Boolean asyncWrite, Boolean inRetry)
   at System.Data.SqlClient.SqlCommand.ExecuteNonQuery()
   at System.Data.Linq.SqlClient.SqlProvider.Execute(Expression query, QueryInfo queryInfo, IObjectReaderFactory factory, Object[] parentArgs, Object[] userArgs, ICompiledSubQuery[] subQueries, Object lastResult)
   at System.Data.Linq.SqlClient.SqlProvider.ExecuteAll(Expression query, QueryInfo[] queryInfos, IObjectReaderFactory factory, Object[] userArguments, ICompiledSubQuery[] subQueries)
   at System.Data.Linq.SqlClient.SqlProvider.System.Data.Linq.Provider.IProvider.Execute(Expression query)
   at System.Data.Linq.ChangeDirector.StandardChangeDirector.DynamicDelete(TrackedObject item)
   at System.Data.Linq.ChangeProcessor.SubmitChanges(ConflictMode failureMode)
   at System.Data.Linq.DataContext.SubmitChanges(ConflictMode failureMode)
   at WebCinema.Areas.Admin.Controllers.MovieManagementController.Delete(Int32 id) in D:\WebQLRCP\WebCinema\Areas\Admin\Controllers\MovieManagementController.cs:line 345
Inner Exception: None
================================================================================

================================================================================
Time: 2025-11-25 08:37:56
Message: Unknown PdfException.
Additional Info: Error saving PDF from HTML
Stack Trace:    at iText.Kernel.Pdf.SmartModePdfObjectsSerializer..ctor()
   at iText.Kernel.Pdf.PdfWriter..ctor(Stream os, WriterProperties properties)
   at iText.Html2pdf.HtmlConverter.ConvertToPdf(String html, Stream pdfStream)
   at WebCinema.Services.InvoiceService.SaveInvoiceToPdfFromHtml(String htmlContent, Int32 bookingId) in D:\WebQLRCP\WebCinema\Services\InvoiceService.cs:line 312
Inner Exception: Either com.itextpdf:bouncy-castle-adapter or com.itextpdf:bouncy-castle-fips-adapter dependency must be added in order to use BouncyCastleFactoryCreator
================================================================================

================================================================================
Time: 2025-11-25 08:37:56
Message: SaveInvoiceToPdfFromHtml returned empty string

Stack Trace: 
Inner Exception: None
================================================================================

================================================================================
Time: 2025-11-25 08:37:56
Message: Failed to send PDF invoice email
Additional Info: PaymentSuccess(148)
Stack Trace: 
Inner Exception: None
================================================================================

================================================================================
Time: 2025-11-25 08:47:50
Message: Unknown PdfException.
Additional Info: Error saving PDF from HTML
Stack Trace:    at iText.Kernel.Pdf.SmartModePdfObjectsSerializer..ctor()
   at iText.Kernel.Pdf.PdfWriter..ctor(Stream os, WriterProperties properties)
   at iText.Html2pdf.HtmlConverter.ConvertToPdf(String html, Stream pdfStream)
   at WebCinema.Services.InvoiceService.SaveInvoiceToPdfFromHtml(String htmlContent, Int32 bookingId) in D:\WebQLRCP\WebCinema\Services\InvoiceService.cs:line 312
Inner Exception: Either com.itextpdf:bouncy-castle-adapter or com.itextpdf:bouncy-castle-fips-adapter dependency must be added in order to use BouncyCastleFactoryCreator
================================================================================

================================================================================
Time: 2025-11-25 08:47:50
Message: ❌ Invoice file not found: D:\WebQLRCP\WebCinema\Content/hoadon
Additional Info: ❌ Lỗi khi gửi email hóa đơn: ❌ Invoice file not found: D:\WebQLRCP\WebCinema\Content/hoadon | Inner: 
Stack Trace:    at WebCinema.Services.EmailService.SendInvoiceEmail(String recipientEmail, String customerName, String invoiceFileName) in D:\WebQLRCP\WebCinema\Services\EmailService.cs:line 51
Inner Exception: None
================================================================================

================================================================================
Time: 2025-11-25 08:47:50
Message: SendInvoiceEmail returned false

Stack Trace: 
Inner Exception: None
================================================================================

================================================================================
Time: 2025-11-25 08:47:50
Message: Failed to send PDF invoice email
Additional Info: PaymentSuccess(149)
Stack Trace: 
Inner Exception: None
================================================================================

================================================================================
Time: 2025-11-25 08:54:10
Message: Unknown PdfException.
Additional Info: Error saving PDF from HTML
Stack Trace:    at iText.Kernel.Pdf.SmartModePdfObjectsSerializer..ctor()
   at iText.Kernel.Pdf.PdfWriter..ctor(Stream os, WriterProperties properties)
   at iText.Html2pdf.HtmlConverter.ConvertToPdf(String html, Stream pdfStream)
   at WebCinema.Services.InvoiceService.SaveInvoiceToPdfFromHtml(String htmlContent, Int32 bookingId) in D:\WebQLRCP\WebCinema\Services\InvoiceService.cs:line 312
Inner Exception: Either com.itextpdf:bouncy-castle-adapter or com.itextpdf:bouncy-castle-fips-adapter dependency must be added in order to use BouncyCastleFactoryCreator
================================================================================

================================================================================
Time: 2025-11-25 08:54:10
Message: ❌ Invoice file not found: D:\WebQLRCP\WebCinema\Content/hoadon

Stack Trace: 
Inner Exception: None
================================================================================

================================================================================
Time: 2025-11-25 08:54:10
Message: ❌ Invoice file not found: D:\WebQLRCP\WebCinema\Content/hoadon
Additional Info: ❌ Lỗi khi gửi email hóa đơn: ❌ Invoice file not found: D:\WebQLRCP\WebCinema\Content/hoadon | Inner: 
Stack Trace:    at WebCinema.Services.EmailService.SendInvoiceEmail(String recipientEmail, String customerName, String invoiceFileName) in D:\WebQLRCP\WebCinema\Services\EmailService.cs:line 65
Inner Exception: None
================================================================================

================================================================================
Time: 2025-11-25 08:54:10
Message: SendInvoiceEmail returned false

Stack Trace: 
Inner Exception: None
================================================================================

================================================================================
Time: 2025-11-25 08:54:10
Message: Failed to send PDF invoice email
Additional Info: PaymentSuccess(150)
Stack Trace: 
Inner Exception: None
================================================================================

================================================================================
Time: 2025-11-25 09:02:42
Message: Unknown PdfException.
Additional Info: Error saving PDF from HTML
Stack Trace:    at iText.Kernel.Pdf.SmartModePdfObjectsSerializer..ctor()
   at iText.Kernel.Pdf.PdfWriter..ctor(Stream os, WriterProperties properties)
   at iText.Html2pdf.HtmlConverter.ConvertToPdf(String html, Stream pdfStream)
   at WebCinema.Services.InvoiceService.SaveInvoiceToPdfFromHtml(String htmlContent, Int32 bookingId) in D:\WebQLRCP\WebCinema\Services\InvoiceService.cs:line 312
Inner Exception: Either com.itextpdf:bouncy-castle-adapter or com.itextpdf:bouncy-castle-fips-adapter dependency must be added in order to use BouncyCastleFactoryCreator
================================================================================

================================================================================
Time: 2025-11-25 09:27:16
Message: Invalid object name 'Lich_Su_Ton_Kho'.

Stack Trace:    at System.Data.SqlClient.SqlConnection.OnError(SqlException exception, Boolean breakConnection, Action`1 wrapCloseInAction)
   at System.Data.SqlClient.TdsParser.ThrowExceptionAndWarning(TdsParserStateObject stateObj, Boolean callerHasConnectionLock, Boolean asyncClose)
   at System.Data.SqlClient.TdsParser.TryRun(RunBehavior runBehavior, SqlCommand cmdHandler, SqlDataReader dataStream, BulkCopySimpleResultSet bulkCopyHandler, TdsParserStateObject stateObj, Boolean& dataReady)
   at System.Data.SqlClient.SqlDataReader.TryConsumeMetaData()
   at System.Data.SqlClient.SqlDataReader.get_MetaData()
   at System.Data.SqlClient.SqlCommand.FinishExecuteReader(SqlDataReader ds, RunBehavior runBehavior, String resetOptionsString, Boolean isInternal, Boolean forDescribeParameterEncryption, Boolean shouldCacheForAlwaysEncrypted)
   at System.Data.SqlClient.SqlCommand.RunExecuteReaderTds(CommandBehavior cmdBehavior, RunBehavior runBehavior, Boolean returnStream, Boolean async, Int32 timeout, Task& task, Boolean asyncWrite, Boolean inRetry, SqlDataReader ds, Boolean describeParameterEncryptionRequest)
   at System.Data.SqlClient.SqlCommand.RunExecuteReader(CommandBehavior cmdBehavior, RunBehavior runBehavior, Boolean returnStream, String method, TaskCompletionSource`1 completion, Int32 timeout, Task& task, Boolean& usedCache, Boolean asyncWrite, Boolean inRetry)
   at System.Data.SqlClient.SqlCommand.RunExecuteReader(CommandBehavior cmdBehavior, RunBehavior runBehavior, Boolean returnStream, String method)
   at System.Data.SqlClient.SqlCommand.ExecuteReader(CommandBehavior behavior, String method)
   at System.Data.Linq.SqlClient.SqlProvider.Execute(Expression query, QueryInfo queryInfo, IObjectReaderFactory factory, Object[] parentArgs, Object[] userArgs, ICompiledSubQuery[] subQueries, Object lastResult)
   at System.Data.Linq.SqlClient.SqlProvider.ExecuteAll(Expression query, QueryInfo[] queryInfos, IObjectReaderFactory factory, Object[] userArguments, ICompiledSubQuery[] subQueries)
   at System.Data.Linq.SqlClient.SqlProvider.System.Data.Linq.Provider.IProvider.Execute(Expression query)
   at System.Data.Linq.ChangeDirector.StandardChangeDirector.DynamicInsert(TrackedObject item)
   at System.Data.Linq.ChangeProcessor.SubmitChanges(ConflictMode failureMode)
   at System.Data.Linq.DataContext.SubmitChanges(ConflictMode failureMode)
   at WebCinema.Areas.Admin.Controllers.StaffOfflineBookingController.CreateOfflineBooking(Int32 showtimeId, String selectedSeats, String customerPhone, String customerName, String foodOrders, String paymentMethod, String promoCode) in D:\WebQLRCP\WebCinema\Areas\Admin\Controllers\StaffOfflineBookingController.cs:line 408
Inner Exception: None
================================================================================
