
================================================================================
Time: 2025-11-24 20:01:31
Message: Input string was not in a correct format.
Additional Info: Error generating invoice HTML
Stack Trace:    at System.Globalization.TimeSpanFormat.FormatCustomized(TimeSpan value, String format, DateTimeFormatInfo dtfi)
   at System.Globalization.TimeSpanFormat.Format(TimeSpan value, String format, IFormatProvider formatProvider)
   at System.Text.StringBuilder.AppendFormatHelper(IFormatProvider provider, String format, ParamsArray args)
   at System.String.FormatHelper(IFormatProvider provider, String format, ParamsArray args)
   at System.String.Format(String format, Object[] args)
   at WebCinema.Services.InvoiceService.GenerateInvoiceHtml(Dat_Ve booking) in D:\WebQLRCP\WebCinema\Services\InvoiceService.cs:line 80
Inner Exception: None
================================================================================

================================================================================
Time: 2025-11-24 20:01:31
Message: Failed to send invoice email
Additional Info: PaymentSuccess(139)
Stack Trace: 
Inner Exception: None
================================================================================

================================================================================
Time: 2025-11-24 20:12:08
Message: Input string was not in a correct format.
Additional Info: Error generating invoice HTML
Stack Trace:    at System.Globalization.TimeSpanFormat.FormatCustomized(TimeSpan value, String format, DateTimeFormatInfo dtfi)
   at System.Globalization.TimeSpanFormat.Format(TimeSpan value, String format, IFormatProvider formatProvider)
   at System.Text.StringBuilder.AppendFormatHelper(IFormatProvider provider, String format, ParamsArray args)
   at System.String.FormatHelper(IFormatProvider provider, String format, ParamsArray args)
   at System.String.Format(String format, Object[] args)
   at WebCinema.Services.InvoiceService.GenerateInvoiceHtml(Dat_Ve booking) in D:\WebQLRCP\WebCinema\Services\InvoiceService.cs:line 80
Inner Exception: None
================================================================================

================================================================================
Time: 2025-11-24 20:12:08
Message: Failed to send invoice email
Additional Info: PaymentSuccess(140)
Stack Trace: 
Inner Exception: None
================================================================================

================================================================================
Time: 2025-11-24 20:58:14
Message: The method or operation is not implemented.
Additional Info: PaymentSuccess - Auto send invoice email failed for booking 142
Stack Trace:    at WebCinema.Services.InvoiceService.GenerateAndSendInvoiceEmail(Int32 bookingId) in D:\WebQLRCP\WebCinema\Services\InvoiceService.cs:line 174
   at WebCinema.Controllers.InvoiceController.PaymentSuccess(Int32 bookingId, String transactionNo) in D:\WebQLRCP\WebCinema\Controllers\InvoiceController.cs:line 463
Inner Exception: None
================================================================================

================================================================================
Time: 2025-11-24 21:08:12
Message: Cannot implicitly convert type 'decimal' to 'int'. An explicit conversion exists (are you missing a cast?)
Additional Info: Error in GenerateInvoiceHtml(Dat_Ve)
Stack Trace:    at CallSite.Target(Closure , CallSite , Object )
   at System.Dynamic.UpdateDelegates.UpdateAndExecute1[T0,TRet](CallSite site, T0 arg0)
   at WebCinema.Services.InvoiceService.<>c.<GenerateInvoiceHtml>b__2_4(Object f) in D:\WebQLRCP\WebCinema\Services\InvoiceService.cs:line 59
   at System.Linq.Enumerable.WhereSelectListIterator`2.MoveNext()
   at System.Linq.Enumerable.Sum(IEnumerable`1 source)
   at WebCinema.Services.InvoiceService.GenerateInvoiceHtml(Dat_Ve booking) in D:\WebQLRCP\WebCinema\Services\InvoiceService.cs:line 59
Inner Exception: None
================================================================================

================================================================================
Time: 2025-11-24 21:08:12
Message: Failed to send invoice email
Additional Info: PaymentSuccess(143)
Stack Trace: 
Inner Exception: None
================================================================================

================================================================================
Time: 2025-11-24 21:23:26
Message: Unknown PdfException.
Additional Info: Error saving PDF from HTML
Stack Trace:    at iText.Kernel.Pdf.SmartModePdfObjectsSerializer..ctor()
   at iText.Kernel.Pdf.PdfWriter..ctor(Stream os, WriterProperties properties)
   at iText.Html2pdf.HtmlConverter.ConvertToPdf(String html, Stream pdfStream)
   at WebCinema.Services.InvoiceService.SaveInvoiceToPdfFromHtml(String htmlContent, Int32 bookingId) in D:\WebQLRCP\WebCinema\Services\InvoiceService.cs:line 312
Inner Exception: Either com.itextpdf:bouncy-castle-adapter or com.itextpdf:bouncy-castle-fips-adapter dependency must be added in order to use BouncyCastleFactoryCreator
================================================================================

================================================================================
Time: 2025-11-24 21:23:26
Message: Failed to send PDF invoice email
Additional Info: PaymentSuccess(145)
Stack Trace: 
Inner Exception: None
================================================================================

================================================================================
Time: 2025-11-24 21:28:47
Message: Unknown PdfException.
Additional Info: Error saving PDF from HTML
Stack Trace:    at iText.Kernel.Pdf.SmartModePdfObjectsSerializer..ctor()
   at iText.Kernel.Pdf.PdfWriter..ctor(Stream os, WriterProperties properties)
   at iText.Html2pdf.HtmlConverter.ConvertToPdf(String html, Stream pdfStream)
   at WebCinema.Services.InvoiceService.SaveInvoiceToPdfFromHtml(String htmlContent, Int32 bookingId) in D:\WebQLRCP\WebCinema\Services\InvoiceService.cs:line 312
Inner Exception: Either com.itextpdf:bouncy-castle-adapter or com.itextpdf:bouncy-castle-fips-adapter dependency must be added in order to use BouncyCastleFactoryCreator
================================================================================

================================================================================
Time: 2025-11-24 21:28:47
Message: SaveInvoiceToPdfFromHtml returned empty string

Stack Trace: 
Inner Exception: None
================================================================================

================================================================================
Time: 2025-11-24 21:28:47
Message: Failed to send PDF invoice email
Additional Info: PaymentSuccess(146)
Stack Trace: 
Inner Exception: None
================================================================================
