
================================================================================
Time: 2025-11-26 08:17:23
Message: Object reference not set to an instance of an object.
Additional Info: RenderPaymentSuccessViewToHtml failed, falling back to inline generator
Stack Trace:    at WebCinema.Services.InvoiceService.RenderViewToString(String viewName, Controller controller) in D:\WebQLRCP\WebCinema\Services\InvoiceService.cs:line 519
   at WebCinema.Services.InvoiceService.RenderPaymentSuccessViewToHtml(Dat_Ve booking) in D:\WebQLRCP\WebCinema\Services\InvoiceService.cs:line 591
Inner Exception: None
================================================================================

================================================================================
Time: 2025-11-26 08:17:23
Message: Cannot access a disposed object.
Object name: 'DataContext accessed after Dispose.'.
Additional Info: Error in RenderPaymentSuccessViewToHtml
Stack Trace:    at System.Data.Linq.DataContext.GetTable(Type type)
   at System.Data.Linq.CommonDataServices.GetDataMemberQuery(MetaDataMember member, Expression[] keyValues)
   at System.Data.Linq.CommonDataServices.DeferredSourceFactory`1.ExecuteKeyQuery(Object[] keyValues)
   at System.Data.Linq.CommonDataServices.DeferredSourceFactory`1.Execute(Object instance)
   at System.Linq.Enumerable.SingleOrDefault[TSource](IEnumerable`1 source)
   at System.Data.Linq.EntityRef`1.get_Entity()
   at WebCinema.Models.Suat_Chieu.get_Ca_Chieu() in D:\WebQLRCP\WebCinema\Models\CSDL.designer.cs:line 7901
   at WebCinema.Services.InvoiceService.GenerateInvoiceHtml(Dat_Ve booking, Suat_Chieu showtime, List`1 tickets, List`1 foodItems, Decimal ticketTotal, Decimal foodTotal, String qrCodeUrl) in D:\WebQLRCP\WebCinema\Services\InvoiceService.cs:line 85
   at WebCinema.Services.InvoiceService.RenderPaymentSuccessViewToHtml(Dat_Ve booking) in D:\WebQLRCP\WebCinema\Services\InvoiceService.cs:line 598
Inner Exception: None
================================================================================

================================================================================
Time: 2025-11-26 08:17:23
Message: Unknown PdfException.
Additional Info: Error saving PDF from HTML
Stack Trace:    at iText.Kernel.Pdf.SmartModePdfObjectsSerializer..ctor()
   at iText.Kernel.Pdf.PdfWriter..ctor(Stream os, WriterProperties properties)
   at iText.Html2pdf.HtmlConverter.ConvertToPdf(String html, Stream pdfStream)
   at WebCinema.Services.InvoiceService.SaveInvoiceToPdfFromHtml(String htmlContent, Int32 bookingId) in D:\WebQLRCP\WebCinema\Services\InvoiceService.cs:line 315
Inner Exception: Either com.itextpdf:bouncy-castle-adapter or com.itextpdf:bouncy-castle-fips-adapter dependency must be added in order to use BouncyCastleFactoryCreator
================================================================================

================================================================================
Time: 2025-11-26 08:28:31
Message: Cannot convert null to 'decimal' because it is a non-nullable value type
Additional Info: RenderPaymentSuccessViewToHtml failed, falling back to inline generator
Stack Trace:    at CallSite.Target(Closure , CallSite , Object )
   at System.Dynamic.UpdateDelegates.UpdateAndExecute1[T0,TRet](CallSite site, T0 arg0)
   at ASP._Page_Views_Invoice_PaymentSuccess_cshtml.Execute() in d:\WebQLRCP\WebCinema\Views\Invoice\PaymentSuccess.cshtml:line 11
   at System.Web.WebPages.WebPageBase.ExecutePageHierarchy()
   at System.Web.Mvc.WebViewPage.ExecutePageHierarchy()
   at System.Web.WebPages.StartPage.ExecutePageHierarchy()
   at System.Web.WebPages.WebPageBase.ExecutePageHierarchy(WebPageContext pageContext, TextWriter writer, WebPageRenderingBase startPage)
   at WebCinema.Services.InvoiceService.RenderViewToString(String viewName, Controller controller) in D:\WebQLRCP\WebCinema\Services\InvoiceService.cs:line 533
   at WebCinema.Services.InvoiceService.RenderPaymentSuccessViewToHtml(Dat_Ve booking) in D:\WebQLRCP\WebCinema\Services\InvoiceService.cs:line 618
Inner Exception: None
================================================================================

================================================================================
Time: 2025-11-26 08:28:31
Message: Unknown PdfException.
Additional Info: Error saving PDF from HTML
Stack Trace:    at iText.Kernel.Pdf.SmartModePdfObjectsSerializer..ctor()
   at iText.Kernel.Pdf.PdfWriter..ctor(Stream os, WriterProperties properties)
   at iText.Html2pdf.HtmlConverter.ConvertToPdf(String html, Stream pdfStream)
   at WebCinema.Services.InvoiceService.SaveInvoiceToPdfFromHtml(String htmlContent, Int32 bookingId) in D:\WebQLRCP\WebCinema\Services\InvoiceService.cs:line 315
Inner Exception: Either com.itextpdf:bouncy-castle-adapter or com.itextpdf:bouncy-castle-fips-adapter dependency must be added in order to use BouncyCastleFactoryCreator
================================================================================
