[2025-11-27 10:57:57] ? BookingExpirationService started
[2025-11-27 11:13:22] ? BookingExpirationService started
[2025-11-27 11:28:23] ? BookingExpirationService started
[2025-11-27 11:39:28] ? BookingExpirationService started
[2025-11-27 11:46:33] ? BookingExpirationService started
[2025-11-27 11:49:27] ? BookingExpirationService started
[2025-11-27 11:52:39] ? BookingExpirationService started
[2025-11-27 11:54:49] ? BookingExpirationService started
[2025-11-27 12:10:32] ? BookingExpirationService started
[2025-11-27 12:11:41] SelectSeats (Fresh DB): showtime=29, paidBookings=49, bookedCount=6
[2025-11-27 12:11:41] Booked seat ids: 202,205,207,211,266,267
[2025-11-27 12:11:48] ✅ Tạo Dat_Ve mới: ID=168, Trạng thái=Chưa thanh toán
[2025-11-27 12:11:48] ✅ Sinh QR code: DAVCINEMA-168-757-638998423081763793 -> qr_DAVCINEMA-168-757-638998423081763793.png
[2025-11-27 12:11:48] ✅ Cập nhật Dat_Ve: ID=168, Tổng tiền=137000,00, Vé=1, Đồ ăn=0
[2025-11-27 12:11:48] ✅ QR Code URL (new format) generated: https://img.vietqr.io/image/VCB-1031419192-compact2.png?amount=137000&addInfo=DatVe168
[2025-11-27 12:11:48] 🔍 KM004 Start: foodItemsJson=exist
[2025-11-27 12:11:48]   → Checking FoodType='Combo', FoodName='Combo Bắp Rang và Pepsi'
[2025-11-27 12:11:48] ✅ KM004: Found Combo!
[2025-11-27 12:11:48] ✅ KM004 Complete: hasCombo=True
[2025-11-27 12:12:26] ✅ QR Code URL (new format) generated: https://img.vietqr.io/image/VCB-1031419192-compact2.png?amount=137000&addInfo=DatVe168
[2025-11-27 12:12:27] 🔍 KM004 Start: foodItemsJson=exist
[2025-11-27 12:12:27]   → Checking FoodType='Combo', FoodName='Combo Bắp Rang và Pepsi'
[2025-11-27 12:12:27] ✅ KM004: Found Combo!
[2025-11-27 12:12:27] ✅ KM004 Complete: hasCombo=True
[2025-11-27 12:12:30] ✅ QR Code URL (new format) generated: https://img.vietqr.io/image/VCB-1031419192-compact2.png?amount=116450&addInfo=DatVe168
[2025-11-27 12:15:20] ? BookingExpirationService started
[2025-11-27 12:15:31] SelectSeats (Fresh DB): showtime=29, paidBookings=50, bookedCount=7
[2025-11-27 12:15:31] Booked seat ids: 202,205,207,211,221,266,267
[2025-11-27 12:15:40] ✅ Tạo Dat_Ve mới: ID=169, Trạng thái=Chưa thanh toán
[2025-11-27 12:15:40] ✅ Sinh QR code: DAVCINEMA-169-752-638998425402257934 -> qr_DAVCINEMA-169-752-638998425402257934.png
[2025-11-27 12:15:40] ✅ Cập nhật Dat_Ve: ID=169, Tổng tiền=137000,00, Vé=1, Đồ ăn=0
[2025-11-27 12:15:40] ✅ QR Code URL (new format) generated: https://img.vietqr.io/image/VCB-1031419192-compact2.png?amount=137000&addInfo=DatVe169
[2025-11-27 12:15:40] 🔍 KM004 Start: foodItemsJson=exist
[2025-11-27 12:15:40]   → Checking FoodType='Combo', FoodName='Combo Bắp Rang và Pepsi'
[2025-11-27 12:15:40] ✅ KM004: Found Combo!
[2025-11-27 12:15:40] ✅ KM004 Complete: hasCombo=True
[2025-11-27 12:15:45] ✅ QR Code URL (new format) generated: https://img.vietqr.io/image/VCB-1031419192-compact2.png?amount=116450&addInfo=DatVe169
[2025-11-27 12:16:41] ? T?o hóa ??n HTML: invoice_169_20251127_121641.html
[2025-11-27 12:16:45] ? G?i email hóa ??n thành công t?i: duyan9088@gmail.com
[2025-11-27 12:16:45] ✅ Gửi email hóa đơn thành công cho khách 24 (duyan9088@gmail.com)
[2025-11-27 12:19:28] ? BookingExpirationService started
[2025-11-27 12:20:03] ✅ Yêu cầu hủy vé: Booking 169, Customer 24, Hoàn: 81515,000
[2025-11-27 12:29:16] ? BookingExpirationService started
[2025-11-27 12:50:09] ✅ Hoàn lại 1 điểm cho khách 24
[2025-11-27 12:50:13] ✅ Gửi email thành công tới: duyan9088@gmail.com
[2025-11-27 12:50:13] ✅ Gửi email thông báo hủy vé tới: duyan9088@gmail.com
[2025-11-27 12:50:13] ✅ Hủy vé TỰ ĐỘNG: Booking 168, Customer 24, Hoàn: 81515,000
[2025-11-27 12:56:40] ? BookingExpirationService started
[2025-11-27 12:57:16] ✅ Gửi email thành công tới: duyan9088@gmail.com
[2025-11-27 12:57:16] ✅ Gửi email xác nhận chuyển tiền tới: duyan9088@gmail.com
[2025-11-27 12:57:16] ✅ Admin 1 xác nhận chuyển tiền: Yêu cầu 3, Booking 168, Hoàn: 81.515₫
[2025-11-27 13:33:23] ? BookingExpirationService started
[2025-11-27 13:33:34] Login success: duyan9088@gmail.com (Customer)
[2025-11-27 13:33:58] ✅ Tạo đơn đặt online: Booking ID 170, Trạng thái: Chưa thanh toán, Vé: 1, PromoCode: 
[2025-11-27 13:33:59] 🔍 KM004 Start: foodItemsJson=exist
[2025-11-27 13:34:09] ✅ Tạo hóa đơn HTML: invoice_170_20251127_133409.html
[2025-11-27 13:34:15] ✅ Gửi email thành công tới: duyan9088@gmail.com
[2025-11-27 13:34:15] ✅ Gửi email hóa đơn thành công cho khách 24 (duyan9088@gmail.com)
[2025-11-27 13:34:15] ✅ API VNPay Payment Success: Booking 170, Customer 24, TransactionNo: TXN1764225248601
[2025-11-27 13:45:44] Login success: duyan9088@gmail.com (Customer)
[2025-11-27 13:45:55] ✅ Tạo đơn đặt online: Booking ID 171, Trạng thái: Chưa thanh toán, Vé: 1, PromoCode: 
[2025-11-27 13:45:55] 🔍 KM004 Start: foodItemsJson=exist
[2025-11-27 14:07:06] ? BookingExpirationService started
[2025-11-27 14:08:07] ? Found 1 expired bookings to cancel
[2025-11-27 14:08:09] ? Cancelled expired booking ID=171, Customer=24, Released 1 seats
[2025-11-27 14:08:09] ? Successfully cancelled 1 expired bookings and released seats
[2025-11-27 14:11:39] Login success: duyan9088@gmail.com (Customer)
[2025-11-27 14:11:55] ✅ Tạo đơn đặt online: Booking ID 172, Trạng thái: Chưa thanh toán, Vé: 1, PromoCode: 
[2025-11-27 14:12:01] ✅ PaymentGateway Initialized (Official Spec):
[2025-11-27 14:12:01]    - TmnCode: NJJ0R8FS
[2025-11-27 14:12:01]    - BaseUrl: https://sandbox.vnpayment.vn/paymentv2/vpcpay.html
[2025-11-27 14:12:01]    - ReturnUrl: https://localhost:44300/Invoice/PaymentCallback
[2025-11-27 14:12:01] ✅ Tạo URL Thanh Toán:
[2025-11-27 14:12:01]    - Amount: 97000,00 VND
[2025-11-27 14:12:01]    - OrderInfo: Thanh toán vé xem phim - Mã đơn 172
[2025-11-27 14:12:01]    - Hash: 1dcf92945c70c962a816a2d3ae7fb94581aaef8734d725eafa4682a782907aab1b765eaa540ed413bcb507a68a8394bb3092f6736d077b24f284791603bb1670
[2025-11-27 14:12:01] ✅ API Generated VNPay URL: BookingId=172, Amount=97000,00₫, CustomerEmail=duyan9088@gmail.com
[2025-11-27 14:31:53] ? BookingExpirationService started
[2025-11-27 14:32:53] ? Found 1 expired bookings to cancel
[2025-11-27 14:32:53] ? Cancelled expired booking ID=172, Customer=24, Released 1 seats
[2025-11-27 14:32:53] ? Successfully cancelled 1 expired bookings and released seats
[2025-11-27 14:33:36] ✅ Tạo đơn đặt online: Booking ID 173, Trạng thái: Chưa thanh toán, Vé: 1, PromoCode: 
[2025-11-27 14:33:38] ✅ PaymentGateway Initialized (Official Spec):
[2025-11-27 14:33:38]    - TmnCode: NJJ0R8FS
[2025-11-27 14:33:38]    - BaseUrl: https://sandbox.vnpayment.vn/paymentv2/vpcpay.html
[2025-11-27 14:33:38]    - ReturnUrl: https://localhost:44300/Invoice/PaymentCallback
[2025-11-27 14:33:38] ✅ Tạo URL Thanh Toán:
[2025-11-27 14:33:38]    - Amount: 82000,00 VND
[2025-11-27 14:33:38]    - OrderInfo: Thanh toan ve xem phim - Ma don 173
[2025-11-27 14:33:38]    - Hash: efff6e214a99d0ae2481eefbe04675151e3a6502f3881257b7a5c185b8a3764d6e100c12e8d9eff212c13da6e5afbe84fc06e03736391709bdf47b30fea2f31a
[2025-11-27 14:33:38] ✅ API Generated VNPay URL: BookingId=173, Amount=82000,00₫, CustomerEmail=duyan9088@gmail.com
[2025-11-27 14:39:06] ? BookingExpirationService started
[2025-11-27 14:40:33] Login success: duyan9088@gmail.com (Customer)
[2025-11-27 14:40:43] ✅ Tạo đơn đặt online: Booking ID 174, Trạng thái: Chưa thanh toán, Vé: 1, PromoCode: 
[2025-11-27 14:40:45] ✅ PaymentGateway Initialized (Official Spec):
[2025-11-27 14:40:45]    - TmnCode: NJJ0R8FS
[2025-11-27 14:40:45]    - BaseUrl: https://sandbox.vnpayment.vn/paymentv2/vpcpay.html
[2025-11-27 14:40:45]    - ReturnUrl: https://localhost:44300/Invoice/PaymentCallback
[2025-11-27 14:40:45] ✅ Tạo URL Thanh Toán:
[2025-11-27 14:40:45]    - Amount: 97000,00 VND
[2025-11-27 14:40:45]    - OrderInfo: Thanh toan ve xem phim - Ma don 174
[2025-11-27 14:40:45]    - Hash: 7f24c8b97c9939a718b747708f688bdb8d71d917bdacd27b82ccc4aac6d42ae79c046ba4fc150fb2106fde876083b8ac548deb1f4e820a848f34fca4e3dfebbc
[2025-11-27 14:40:45] ✅ API Generated VNPay URL: BookingId=174, Amount=97000,00₫, CustomerEmail=duyan9088@gmail.com
[2025-11-27 14:42:11] SelectSeats (Fresh DB): showtime=29, paidBookings=51, bookedCount=8
[2025-11-27 14:42:11] Booked seat ids: 202,205,207,211,212,222,266,267
[2025-11-27 14:42:26] ✅ Tạo Dat_Ve mới: ID=175, Trạng thái=Chưa thanh toán
[2025-11-27 14:42:26] ✅ Sinh QR code: DAVCINEMA-175-757-638998513465472838 -> qr_DAVCINEMA-175-757-638998513465472838.png
[2025-11-27 14:42:26] ✅ Cập nhật Dat_Ve: ID=175, Tổng tiền=122000,00, Vé=1, Đồ ăn=0
[2025-11-27 14:42:26] ✅ QR Code URL (new format) generated: https://img.vietqr.io/image/VCB-1031419192-compact2.png?amount=122000&addInfo=DatVe175
[2025-11-27 14:42:27] 🔍 KM004 Start: foodItemsJson=exist
[2025-11-27 14:42:27]   → Checking FoodType='Đồ ăn', FoodName='Bắp rang bơ'
[2025-11-27 14:42:27] ✅ KM004 Complete: hasCombo=False
[2025-11-27 14:53:11] ? BookingExpirationService started
[2025-11-27 14:54:11] ? Found 2 expired bookings to cancel
[2025-11-27 14:54:11] ? Cancelled expired booking ID=173, Customer=24, Released 0 seats
[2025-11-27 14:54:11] ? Cancelled expired booking ID=174, Customer=24, Released 1 seats
[2025-11-27 14:54:11] ? Successfully cancelled 2 expired bookings and released seats
[2025-11-27 14:54:22] Login success: duyan9088@gmail.com (Customer)
[2025-11-27 14:54:34] ✅ Tạo đơn đặt online: Booking ID 176, Trạng thái: Chưa thanh toán, Vé: 1, PromoCode: 
[2025-11-27 14:54:38] ✅ API Generated VNPay URL: BookingId=176, Amount=97000,00₫, OrderId=176_638998520788220820
[2025-11-27 14:58:42] ? BookingExpirationService started
[2025-11-27 15:00:11] Login success: duyan9088@gmail.com (Customer)
[2025-11-27 15:00:23] ✅ Tạo đơn đặt online: Booking ID 177, Trạng thái: Chưa thanh toán, Vé: 1, PromoCode: 
[2025-11-27 15:00:25] ✅ API Generated VNPay URL: BookingId=177, Amount=97000,00₫, OrderId=177_638998524255184106
[2025-11-27 15:04:51] ? BookingExpirationService started
[2025-11-27 15:05:51] ? Found 1 expired bookings to cancel
[2025-11-27 15:05:51] ? Cancelled expired booking ID=176, Customer=24, Released 0 seats
[2025-11-27 15:05:51] ? Successfully cancelled 1 expired bookings and released seats
[2025-11-27 15:06:06] Login success: duyan9088@gmail.com (Customer)
[2025-11-27 15:06:17] ✅ Tạo đơn đặt online: Booking ID 178, Trạng thái: Chưa thanh toán, Vé: 1, PromoCode: 
[2025-11-27 15:06:18] [VNPay Debug] rawHash=vnp_Amount=9700000&vnp_Command=pay&vnp_CreateDate=20251127150618&vnp_CurrCode=VND&vnp_ExpireDate=20251127152118&vnp_IpAddr=127.0.0.1&vnp_IpnUrl=https://localhost:44300/api/customer/vnpay-callback&vnp_Locale=vn&vnp_OrderInfo=Thanh+toan+ve+xem+phim+-+Ma+don+178&vnp_OrderType=billpayment&vnp_ReturnUrl=https://localhost:44300/Invoice/PaymentCallback&vnp_TmnCode=NJJ0R8FS&vnp_TxnRef=178_638998527788503553&vnp_Version=2.1.0
[2025-11-27 15:06:18] [VNPay Debug] secureHash=dd8977531f47f6b79f4dd6edc14d6d84cf1d3b4f257d8525a9fe6ff333723fc68b3cc3541866cc1993b36bd4bbf3d45777e74a3f646251136b86f45846c1d6eb
[2025-11-27 15:06:18] [VNPay Debug] paymentUrl=https://sandbox.vnpayment.vn/paymentv2/vpcpay.html?vnp_Amount=9700000&vnp_Command=pay&vnp_CreateDate=20251127150618&vnp_CurrCode=VND&vnp_ExpireDate=20251127152118&vnp_IpAddr=127.0.0.1&vnp_IpnUrl=https%3a%2f%2flocalhost%3a44300%2fapi%2fcustomer%2fvnpay-callback&vnp_Locale=vn&vnp_OrderInfo=Thanh%2btoan%2bve%2bxem%2bphim%2b-%2bMa%2bdon%2b178&vnp_OrderType=billpayment&vnp_ReturnUrl=https%3a%2f%2flocalhost%3a44300%2fInvoice%2fPaymentCallback&vnp_TmnCode=NJJ0R8FS&vnp_TxnRef=178_638998527788503553&vnp_Version=2.1.0&vnp_SecureHash=dd8977531f47f6b79f4dd6edc14d6d84cf1d3b4f257d8525a9fe6ff333723fc68b3cc3541866cc1993b36bd4bbf3d45777e74a3f646251136b86f45846c1d6ebvnp_SecureHashType=SHA512&vnp_SecureHash=dd8977531f47f6b79f4dd6edc14d6d84cf1d3b4f257d8525a9fe6ff333723fc68b3cc3541866cc1993b36bd4bbf3d45777e74a3f646251136b86f45846c1d6eb
[2025-11-27 15:06:18] ✅ API Generated VNPay URL: BookingId=178, Amount=97000,00₫, OrderId=178_638998527788503553
[2025-11-27 15:16:35] ? BookingExpirationService started
[2025-11-27 15:17:35] ? Found 2 expired bookings to cancel
[2025-11-27 15:17:35] ? Cancelled expired booking ID=177, Customer=24, Released 0 seats
[2025-11-27 15:17:35] ? Cancelled expired booking ID=178, Customer=24, Released 1 seats
[2025-11-27 15:17:35] ? Successfully cancelled 2 expired bookings and released seats
[2025-11-27 15:17:43] Login success: duyan9088@gmail.com (Customer)
[2025-11-27 15:17:51] ✅ Tạo đơn đặt online: Booking ID 179, Trạng thái: Chưa thanh toán, Vé: 1, PromoCode: 
[2025-11-27 15:17:54] ✅ API Generated VNPay URL: BookingId=179, Amount=82000,00₫
[2025-11-27 15:20:08] ✅ Tạo hóa đơn HTML: invoice_179_20251127_152008.html
[2025-11-27 15:20:12] ✅ Gửi email thành công tới: duyan9088@gmail.com
[2025-11-27 15:20:12] ✅ Gửi email hóa đơn thành công cho khách 24 (duyan9088@gmail.com)
[2025-11-27 15:20:12] ✅ API VNPay Payment Success: Booking 179, Customer 24, TransactionNo: 15305228
[2025-11-27 15:27:20] Login success: duyan9088@gmail.com (Customer)
[2025-11-27 15:27:31] ✅ Tạo đơn đặt online: Booking ID 180, Trạng thái: Chưa thanh toán, Vé: 1, PromoCode: 
[2025-11-27 15:27:32] ✅ API Generated VNPay URL: BookingId=180, Amount=97000,00₫
[2025-11-27 15:28:32] ✅ Tạo hóa đơn HTML: invoice_180_20251127_152832.html
[2025-11-27 15:28:36] ✅ Gửi email thành công tới: duyan9088@gmail.com
[2025-11-27 15:28:36] ✅ Gửi email hóa đơn thành công cho khách 24 (duyan9088@gmail.com)
[2025-11-27 15:28:36] ✅ API VNPay Payment Success: Booking 180, Customer 24, TransactionNo: 15305268
[2025-11-27 15:35:19] Login success: duyan9088@gmail.com (Customer)
[2025-11-27 15:35:28] ✅ Tạo đơn đặt online: Booking ID 181, Trạng thái: Chưa thanh toán, Vé: 1, PromoCode: 
[2025-11-27 15:35:32] ✅ API Generated VNPay URL: BookingId=181, Amount=97000,00₫
[2025-11-27 15:36:35] ✅ Tạo hóa đơn HTML: invoice_181_20251127_153635.html
[2025-11-27 15:36:38] ✅ Gửi email thành công tới: duyan9088@gmail.com
[2025-11-27 15:36:38] ✅ Gửi email hóa đơn thành công cho khách 24 (duyan9088@gmail.com)
[2025-11-27 15:36:38] ✅ API VNPay Payment Success: Booking 181, Customer 24, TransactionNo: 15305307
[2025-11-27 15:47:53] ? BookingExpirationService started
[2025-11-27 15:56:51] Login success: duyan9088@gmail.com (Customer)
[2025-11-27 15:59:00] Login success: vu@gmail.com (Staff)
[2025-11-27 15:59:01] ✅ Staff Dashboard: ID 5
[2025-11-27 16:00:24] ✅ Staff Dashboard: ID 5
[2025-11-27 16:08:47] ? BookingExpirationService started
[2025-11-27 16:10:48] Login success: duyan9088@gmail.com (Customer)
[2025-11-27 16:12:21] Login success: vu@gmail.com (Staff)
[2025-11-27 16:12:21] ✅ Staff Dashboard: ID 5
