[2025-11-24 19:11:44] ? BookingExpirationService started
[2025-11-24 19:16:30] SelectSeats (Fresh DB): showtime=24, paidBookings=47, bookedCount=6
[2025-11-24 19:16:30] Booked seat ids: 202,207,208,212,222,232
[2025-11-24 19:16:41] ✅ Tạo Dat_Ve mới: ID=134, Trạng thái=Chưa thanh toán
[2025-11-24 19:16:41] ✅ Sinh QR code: DAVCINEMA-134-509-638996086016523084 -> qr_DAVCINEMA-134-509-638996086016523084.png
[2025-11-24 19:16:41] ✅ Cập nhật Dat_Ve: ID=134, Tổng tiền=138000,00, Vé=1, Đồ ăn=0
[2025-11-24 19:16:41] ✅ QR Code URL (new format) generated: https://img.vietqr.io/image/VCB-1031419192-compact2.png?amount=138000&addInfo=DatVe134
[2025-11-24 19:16:42] 🔍 KM004 Start: foodItemsJson=exist
[2025-11-24 19:16:42]   → Checking FoodType='Combo', FoodName='Combo Bắp Rang và Pepsi'
[2025-11-24 19:16:42] ✅ KM004: Found Combo!
[2025-11-24 19:16:42] ✅ KM004 Complete: hasCombo=True
[2025-11-24 19:16:46] ✅ PromoCode KM004: giaTriGiam=15,00, loai=%, discount=20700,0000
[2025-11-24 19:16:46] ✅ QR Code URL (new format) generated: https://img.vietqr.io/image/VCB-1031419192-compact2.png?amount=117300&addInfo=DatVe134
[2025-11-24 19:16:46] ✅ UpdateQRCode: BookingId=134, Original=138000,00, Discount=20700,0000, Final=117300,0000, PromoCode=KM004
[2025-11-24 19:16:54] ✅ Giảm mã khuyến mãi: KM004, Còn lại: 999991
[2025-11-24 19:16:54] ✅ Đơn hàng chờ duyệt: Booking ID 134, PromoCode: KM004
[2025-11-24 19:17:48] ✅ ApproveBooking: Duyệt Dat_Ve ID=134, khách hàng: Nguyễn Duy Ân
[2025-11-24 19:17:50] ✅ QR Code URL (new format) generated: https://img.vietqr.io/image/VCB-1031419192-compact2.png?amount=138000&addInfo=DatVe134
[2025-11-24 19:17:50] ✅ Hiển thị trang thanh toán thành công: Booking 134
[2025-11-24 19:27:43] ? BookingExpirationService stopped
[2025-11-24 19:28:31] ? BookingExpirationService started
[2025-11-24 19:30:36] SelectSeats (Fresh DB): showtime=24, paidBookings=48, bookedCount=7
[2025-11-24 19:30:36] Booked seat ids: 202,207,208,211,212,222,232
[2025-11-24 19:30:41] ✅ Tạo Dat_Ve mới: ID=135, Trạng thái=Chưa thanh toán
[2025-11-24 19:30:42] ✅ Sinh QR code: DAVCINEMA-135-515-638996094418732618 -> qr_DAVCINEMA-135-515-638996094418732618.png
[2025-11-24 19:30:42] ✅ Cập nhật Dat_Ve: ID=135, Tổng tiền=83000,00, Vé=1, Đồ ăn=0
[2025-11-24 19:30:42] ✅ QR Code URL (new format) generated: https://img.vietqr.io/image/VCB-1031419192-compact2.png?amount=83000&addInfo=DatVe135
[2025-11-24 19:30:42] 🔍 KM004 Start: foodItemsJson=exist
[2025-11-24 19:30:42] ✅ KM004 Complete: hasCombo=False
[2025-11-24 19:30:47] ✅ Đơn hàng chờ duyệt: Booking ID 135, PromoCode: 
[2025-11-24 19:31:20] ✅ ApproveBooking: Duyệt Dat_Ve ID=135, khách hàng: Nguyễn Quang Hải
[2025-11-24 19:31:22] ✅ QR Code URL (new format) generated: https://img.vietqr.io/image/VCB-1031419192-compact2.png?amount=83000&addInfo=DatVe135
[2025-11-24 19:31:22] ✅ Hiển thị trang thanh toán thành công: Booking 135
[2025-11-24 19:33:22] ? BookingExpirationService started
[2025-11-24 19:33:48] SelectSeats (Fresh DB): showtime=24, paidBookings=49, bookedCount=8
[2025-11-24 19:33:48] Booked seat ids: 202,207,208,211,212,221,222,232
[2025-11-24 19:33:59] ✅ Tạo Dat_Ve mới: ID=136, Trạng thái=Chưa thanh toán
[2025-11-24 19:33:59] ✅ Sinh QR code: DAVCINEMA-136-521-638996096394652787 -> qr_DAVCINEMA-136-521-638996096394652787.png
[2025-11-24 19:33:59] ✅ Cập nhật Dat_Ve: ID=136, Tổng tiền=83000,00, Vé=1, Đồ ăn=0
[2025-11-24 19:33:59] ✅ QR Code URL (new format) generated: https://img.vietqr.io/image/VCB-1031419192-compact2.png?amount=83000&addInfo=DatVe136
[2025-11-24 19:33:59] 🔍 KM004 Start: foodItemsJson=exist
[2025-11-24 19:33:59] ✅ KM004 Complete: hasCombo=False
[2025-11-24 19:34:03] ✅ Đơn hàng chờ duyệt: Booking ID 136, PromoCode: 
[2025-11-24 19:34:38] ✅ ApproveBooking: Duyệt Dat_Ve ID=136, khách hàng: Nguyễn Quang Hải
[2025-11-24 19:34:41] ✅ QR Code URL (new format) generated: https://img.vietqr.io/image/VCB-1031419192-compact2.png?amount=83000&addInfo=DatVe136
[2025-11-24 19:34:41] ✅ Hiển thị trang thanh toán thành công: Booking 136
[2025-11-24 19:41:55] ? BookingExpirationService started
[2025-11-24 19:42:25] SelectSeats (Fresh DB): showtime=24, paidBookings=50, bookedCount=9
[2025-11-24 19:42:25] Booked seat ids: 202,207,208,211,212,221,222,231,232
[2025-11-24 19:42:32] ✅ Tạo Dat_Ve mới: ID=137, Trạng thái=Chưa thanh toán
[2025-11-24 19:42:32] ✅ Sinh QR code: DAVCINEMA-137-527-638996101527795269 -> qr_DAVCINEMA-137-527-638996101527795269.png
[2025-11-24 19:42:32] ✅ Cập nhật Dat_Ve: ID=137, Tổng tiền=83000,00, Vé=1, Đồ ăn=0
[2025-11-24 19:42:32] ✅ QR Code URL (new format) generated: https://img.vietqr.io/image/VCB-1031419192-compact2.png?amount=83000&addInfo=DatVe137
[2025-11-24 19:42:33] 🔍 KM004 Start: foodItemsJson=exist
[2025-11-24 19:42:33] ✅ KM004 Complete: hasCombo=False
[2025-11-24 19:42:43] ✅ Đơn hàng chờ duyệt: Booking ID 137, PromoCode: 
[2025-11-24 19:44:01] ✅ ApproveBooking: Duyệt Dat_Ve ID=137, khách hàng: Nguyễn Quang Hải
[2025-11-24 19:44:20] ✅ QR Code URL (new format) generated: https://img.vietqr.io/image/VCB-1031419192-compact2.png?amount=83000&addInfo=DatVe137
[2025-11-24 19:44:20] ✅ Hiển thị trang thanh toán thành công: Booking 137
[2025-11-24 19:49:45] ? BookingExpirationService started
[2025-11-24 19:50:11] SelectSeats (Fresh DB): showtime=24, paidBookings=51, bookedCount=10
[2025-11-24 19:50:11] Booked seat ids: 202,207,208,211,212,221,222,231,232,241
[2025-11-24 19:50:19] ✅ Tạo Dat_Ve mới: ID=138, Trạng thái=Chưa thanh toán
[2025-11-24 19:50:19] ✅ Sinh QR code: DAVCINEMA-138-529-638996106195236218 -> qr_DAVCINEMA-138-529-638996106195236218.png
[2025-11-24 19:50:19] ✅ Cập nhật Dat_Ve: ID=138, Tổng tiền=83000,00, Vé=1, Đồ ăn=0
[2025-11-24 19:50:19] ✅ QR Code URL (new format) generated: https://img.vietqr.io/image/VCB-1031419192-compact2.png?amount=83000&addInfo=DatVe138
[2025-11-24 19:50:19] 🔍 KM004 Start: foodItemsJson=exist
[2025-11-24 19:50:19] ✅ KM004 Complete: hasCombo=False
[2025-11-24 19:50:23] ✅ Đơn hàng chờ duyệt: Booking ID 138, PromoCode: 
[2025-11-24 19:50:56] ✅ ApproveBooking: Duyệt Dat_Ve ID=138, khách hàng: Nguyễn Quang Hải
[2025-11-24 19:50:58] ✅ QR Code URL (new format) generated: https://img.vietqr.io/image/VCB-1031419192-compact2.png?amount=83000&addInfo=DatVe138
[2025-11-24 19:50:58] ✅ Hiển thị trang thanh toán thành công: Booking 138
[2025-11-24 20:00:02] ? BookingExpirationService started
[2025-11-24 20:00:46] SelectSeats (Fresh DB): showtime=29, paidBookings=52, bookedCount=2
[2025-11-24 20:00:46] Booked seat ids: 266,267
[2025-11-24 20:00:52] ✅ Tạo Dat_Ve mới: ID=139, Trạng thái=Chưa thanh toán
[2025-11-24 20:00:52] ✅ Sinh QR code: DAVCINEMA-139-746-638996112526328459 -> qr_DAVCINEMA-139-746-638996112526328459.png
[2025-11-24 20:00:52] ✅ Cập nhật Dat_Ve: ID=139, Tổng tiền=82000,00, Vé=1, Đồ ăn=0
[2025-11-24 20:00:52] ✅ QR Code URL (new format) generated: https://img.vietqr.io/image/VCB-1031419192-compact2.png?amount=82000&addInfo=DatVe139
[2025-11-24 20:00:53] 🔍 KM004 Start: foodItemsJson=exist
[2025-11-24 20:00:53] ✅ KM004 Complete: hasCombo=False
[2025-11-24 20:00:56] ✅ Đơn hàng chờ duyệt: Booking ID 139, PromoCode: 
[2025-11-24 20:01:30] ✅ ApproveBooking: Duyệt Dat_Ve ID=139, khách hàng: Nguyễn Quang Hải
[2025-11-24 20:01:31] ✅ QR Code URL (new format) generated: https://img.vietqr.io/image/VCB-1031419192-compact2.png?amount=82000&addInfo=DatVe139
[2025-11-24 20:01:31] ✅ Hiển thị trang thanh toán thành công: Booking 139
[2025-11-24 20:10:42] ? BookingExpirationService started
[2025-11-24 20:11:08] SelectSeats (Fresh DB): showtime=24, paidBookings=53, bookedCount=11
[2025-11-24 20:11:08] Booked seat ids: 202,207,208,211,212,221,222,231,232,241,251
[2025-11-24 20:11:16] ✅ Tạo Dat_Ve mới: ID=140, Trạng thái=Chưa thanh toán
[2025-11-24 20:11:16] ✅ Sinh QR code: DAVCINEMA-140-535-638996118762915043 -> qr_DAVCINEMA-140-535-638996118762915043.png
[2025-11-24 20:11:16] ✅ Cập nhật Dat_Ve: ID=140, Tổng tiền=83000,00, Vé=1, Đồ ăn=0
[2025-11-24 20:11:16] ✅ QR Code URL (new format) generated: https://img.vietqr.io/image/VCB-1031419192-compact2.png?amount=83000&addInfo=DatVe140
[2025-11-24 20:11:16] 🔍 KM004 Start: foodItemsJson=exist
[2025-11-24 20:11:16] ✅ KM004 Complete: hasCombo=False
[2025-11-24 20:11:20] ✅ Đơn hàng chờ duyệt: Booking ID 140, PromoCode: 
[2025-11-24 20:12:05] ✅ ApproveBooking: Duyệt Dat_Ve ID=140, khách hàng: Nguyễn Quang Hải
[2025-11-24 20:12:08] ✅ QR Code URL (new format) generated: https://img.vietqr.io/image/VCB-1031419192-compact2.png?amount=83000&addInfo=DatVe140
[2025-11-24 20:12:08] ✅ Hiển thị trang thanh toán thành công: Booking 140
[2025-11-24 20:29:14] ? BookingExpirationService started
[2025-11-24 20:31:30] ? BookingExpirationService started
[2025-11-24 20:32:02] SelectSeats (Fresh DB): showtime=29, paidBookings=54, bookedCount=3
[2025-11-24 20:32:02] Booked seat ids: 202,266,267
[2025-11-24 20:32:10] ✅ Tạo Dat_Ve mới: ID=141, Trạng thái=Chưa thanh toán
[2025-11-24 20:32:10] ✅ Sinh QR code: DAVCINEMA-141-751-638996131302535275 -> qr_DAVCINEMA-141-751-638996131302535275.png
[2025-11-24 20:32:10] ✅ Cập nhật Dat_Ve: ID=141, Tổng tiền=82000,00, Vé=1, Đồ ăn=0
[2025-11-24 20:32:10] ✅ QR Code URL (new format) generated: https://img.vietqr.io/image/VCB-1031419192-compact2.png?amount=82000&addInfo=DatVe141
[2025-11-24 20:32:10] 🔍 KM004 Start: foodItemsJson=exist
[2025-11-24 20:32:10] ✅ KM004 Complete: hasCombo=False
[2025-11-24 20:32:15] ✅ Đơn hàng chờ duyệt: Booking ID 141, PromoCode: 
[2025-11-24 20:32:42] ✅ ApproveBooking: Duyệt Dat_Ve ID=141, khách hàng: Nguyễn Quang Hải
[2025-11-24 20:32:44] ✅ QR Code URL (new format) generated: https://img.vietqr.io/image/VCB-1031419192-compact2.png?amount=82000&addInfo=DatVe141
[2025-11-24 20:32:44] ✅ Hiển thị trang thanh toán thành công: Booking 141
[2025-11-24 20:32:44] ✅ Hóa đơn được lưu: D:\WebQLRCP\WebCinema\Content/hoadon\Invoice_BK000141_20251124_203244.html
[2025-11-24 20:32:48] ✅ Email hóa đơn gửi thành công → duyan9088@gmail.com
[2025-11-24 20:32:48] ✅ Hóa đơn được gửi qua email: Booking 141 -> duyan9088@gmail.com
[2025-11-24 20:32:48] ✅ PaymentSuccess: Email hóa đơn gửi tự động thành công
[2025-11-24 20:54:15] ? BookingExpirationService started
[2025-11-24 20:56:44] ? BookingExpirationService started
[2025-11-24 20:57:13] SelectSeats (Fresh DB): showtime=29, paidBookings=55, bookedCount=4
[2025-11-24 20:57:13] Booked seat ids: 202,211,266,267
[2025-11-24 20:57:34] ✅ Tạo Dat_Ve mới: ID=142, Trạng thái=Chưa thanh toán
[2025-11-24 20:57:35] ✅ Sinh QR code: DAVCINEMA-142-752-638996146550012597 -> qr_DAVCINEMA-142-752-638996146550012597.png
[2025-11-24 20:57:35] ✅ Cập nhật Dat_Ve: ID=142, Tổng tiền=137000,00, Vé=1, Đồ ăn=0
[2025-11-24 20:57:35] ✅ QR Code URL (new format) generated: https://img.vietqr.io/image/VCB-1031419192-compact2.png?amount=137000&addInfo=DatVe142
[2025-11-24 20:57:35] 🔍 KM004 Start: foodItemsJson=exist
[2025-11-24 20:57:35]   → Checking FoodType='Combo', FoodName='Combo Bắp Rang và Pepsi'
[2025-11-24 20:57:35] ✅ KM004: Found Combo!
[2025-11-24 20:57:35] ✅ KM004 Complete: hasCombo=True
[2025-11-24 20:57:40] ✅ PromoCode KM004: giaTriGiam=15,00, loai=%, discount=20550,0000
[2025-11-24 20:57:40] ✅ QR Code URL (new format) generated: https://img.vietqr.io/image/VCB-1031419192-compact2.png?amount=116450&addInfo=DatVe142
[2025-11-24 20:57:40] ✅ UpdateQRCode: BookingId=142, Original=137000,00, Discount=20550,0000, Final=116450,0000, PromoCode=KM004
[2025-11-24 20:57:44] ✅ Giảm mã khuyến mãi: KM004, Còn lại: 999990
[2025-11-24 20:57:44] ✅ Đơn hàng chờ duyệt: Booking ID 142, PromoCode: KM004
[2025-11-24 20:58:14] ✅ ApproveBooking: Duyệt Dat_Ve ID=142, khách hàng: Nguyễn Quang Hải
[2025-11-24 20:58:14] ✅ QR Code URL (new format) generated: https://img.vietqr.io/image/VCB-1031419192-compact2.png?amount=137000&addInfo=DatVe142
[2025-11-24 20:58:14] ✅ Hiển thị trang thanh toán thành công: Booking 142
[2025-11-24 21:06:52] ? BookingExpirationService started
[2025-11-24 21:07:09] SelectSeats (Fresh DB): showtime=29, paidBookings=56, bookedCount=5
[2025-11-24 21:07:09] Booked seat ids: 202,211,212,266,267
[2025-11-24 21:07:21] ✅ Tạo Dat_Ve mới: ID=143, Trạng thái=Chưa thanh toán
[2025-11-24 21:07:21] ✅ Sinh QR code: DAVCINEMA-143-764-638996152410143114 -> qr_DAVCINEMA-143-764-638996152410143114.png
[2025-11-24 21:07:21] ✅ Cập nhật Dat_Ve: ID=143, Tổng tiền=137000,00, Vé=1, Đồ ăn=0
[2025-11-24 21:07:21] ✅ QR Code URL (new format) generated: https://img.vietqr.io/image/VCB-1031419192-compact2.png?amount=137000&addInfo=DatVe143
[2025-11-24 21:07:21] 🔍 KM004 Start: foodItemsJson=exist
[2025-11-24 21:07:21]   → Checking FoodType='Combo', FoodName='Combo Bắp Rang và Pepsi'
[2025-11-24 21:07:21] ✅ KM004: Found Combo!
[2025-11-24 21:07:21] ✅ KM004 Complete: hasCombo=True
[2025-11-24 21:07:23] ✅ PromoCode KM004: giaTriGiam=15,00, loai=%, discount=20550,0000
[2025-11-24 21:07:23] ✅ QR Code URL (new format) generated: https://img.vietqr.io/image/VCB-1031419192-compact2.png?amount=116450&addInfo=DatVe143
[2025-11-24 21:07:23] ✅ UpdateQRCode: BookingId=143, Original=137000,00, Discount=20550,0000, Final=116450,0000, PromoCode=KM004
[2025-11-24 21:07:26] ✅ Giảm mã khuyến mãi: KM004, Còn lại: 999989
[2025-11-24 21:07:26] ✅ Đơn hàng chờ duyệt: Booking ID 143, PromoCode: KM004
[2025-11-24 21:07:55] ✅ ApproveBooking: Duyệt Dat_Ve ID=143, khách hàng: Nguyễn Quang Hải
[2025-11-24 21:07:58] ✅ QR Code URL (new format) generated: https://img.vietqr.io/image/VCB-1031419192-compact2.png?amount=137000&addInfo=DatVe143
[2025-11-24 21:07:58] ✅ Hiển thị trang thanh toán thành công: Booking 143
[2025-11-24 21:10:07] ? BookingExpirationService started
[2025-11-24 21:10:33] SelectSeats (Fresh DB): showtime=29, paidBookings=57, bookedCount=6
[2025-11-24 21:10:33] Booked seat ids: 202,211,212,232,266,267
[2025-11-24 21:10:49] ✅ Tạo Dat_Ve mới: ID=144, Trạng thái=Chưa thanh toán
[2025-11-24 21:10:49] ✅ Sinh QR code: DAVCINEMA-144-758-638996154495345004 -> qr_DAVCINEMA-144-758-638996154495345004.png
[2025-11-24 21:10:49] ✅ Cập nhật Dat_Ve: ID=144, Tổng tiền=97000,00, Vé=1, Đồ ăn=0
[2025-11-24 21:10:49] ✅ QR Code URL (new format) generated: https://img.vietqr.io/image/VCB-1031419192-compact2.png?amount=97000&addInfo=DatVe144
[2025-11-24 21:10:49] 🔍 KM004 Start: foodItemsJson=exist
[2025-11-24 21:10:49]   → Checking FoodType='Đồ uống', FoodName='Pepsi'
[2025-11-24 21:10:49] ✅ KM004 Complete: hasCombo=False
[2025-11-24 21:10:54] ✅ Đơn hàng chờ duyệt: Booking ID 144, PromoCode: 
[2025-11-24 21:11:29] ✅ ApproveBooking: Duyệt Dat_Ve ID=144, khách hàng: Nguyễn Quang Hải
[2025-11-24 21:11:31] ✅ QR Code URL (new format) generated: https://img.vietqr.io/image/VCB-1031419192-compact2.png?amount=97000&addInfo=DatVe144
[2025-11-24 21:11:31] ✅ Hiển thị trang thanh toán thành công: Booking 144
[2025-11-24 21:11:31] ✅ Hóa đơn được lưu: D:\WebQLRCP\WebCinema\Content/hoadon\Invoice_BK000144_20251124_211131.html
[2025-11-24 21:11:34] ✅ Email hóa đơn gửi thành công → duyan9088@gmail.com
[2025-11-24 21:11:34] ✅ Hóa đơn được gửi qua email: Booking 144 -> duyan9088@gmail.com
[2025-11-24 21:11:34] ✅ PaymentSuccess: Email hóa đơn gửi tự động thành công
[2025-11-24 21:22:06] ? BookingExpirationService started
[2025-11-24 21:22:27] SelectSeats (Fresh DB): showtime=29, paidBookings=58, bookedCount=7
[2025-11-24 21:22:27] Booked seat ids: 202,211,212,222,232,266,267
[2025-11-24 21:22:43] ✅ Tạo Dat_Ve mới: ID=145, Trạng thái=Chưa thanh toán
[2025-11-24 21:22:43] ✅ Sinh QR code: DAVCINEMA-145-757-638996161637171953 -> qr_DAVCINEMA-145-757-638996161637171953.png
[2025-11-24 21:22:43] ✅ Cập nhật Dat_Ve: ID=145, Tổng tiền=97000,00, Vé=1, Đồ ăn=0
[2025-11-24 21:22:43] ✅ QR Code URL (new format) generated: https://img.vietqr.io/image/VCB-1031419192-compact2.png?amount=97000&addInfo=DatVe145
[2025-11-24 21:22:44] 🔍 KM004 Start: foodItemsJson=exist
[2025-11-24 21:22:44]   → Checking FoodType='Đồ uống', FoodName='Pepsi'
[2025-11-24 21:22:44] ✅ KM004 Complete: hasCombo=False
[2025-11-24 21:22:48] ✅ Đơn hàng chờ duyệt: Booking ID 145, PromoCode: 
[2025-11-24 21:23:24] ✅ ApproveBooking: Duyệt Dat_Ve ID=145, khách hàng: Nguyễn Quang Hải
[2025-11-24 21:23:26] ✅ QR Code URL (new format) generated: https://img.vietqr.io/image/VCB-1031419192-compact2.png?amount=97000&addInfo=DatVe145
[2025-11-24 21:23:26] ✅ Hiển thị trang thanh toán thành công: Booking 145
[2025-11-24 21:27:10] ? BookingExpirationService started
[2025-11-24 21:27:40] SelectSeats (Fresh DB): showtime=29, paidBookings=59, bookedCount=8
[2025-11-24 21:27:40] Booked seat ids: 202,211,212,221,222,232,266,267
[2025-11-24 21:27:49] ✅ Tạo Dat_Ve mới: ID=146, Trạng thái=Chưa thanh toán
[2025-11-24 21:27:49] ✅ Sinh QR code: DAVCINEMA-146-763-638996164695202554 -> qr_DAVCINEMA-146-763-638996164695202554.png
[2025-11-24 21:27:49] ✅ Cập nhật Dat_Ve: ID=146, Tổng tiền=137000,00, Vé=1, Đồ ăn=0
[2025-11-24 21:27:49] ✅ QR Code URL (new format) generated: https://img.vietqr.io/image/VCB-1031419192-compact2.png?amount=137000&addInfo=DatVe146
[2025-11-24 21:27:49] 🔍 KM004 Start: foodItemsJson=exist
[2025-11-24 21:27:49]   → Checking FoodType='Combo', FoodName='Combo Bắp Rang và Pepsi'
[2025-11-24 21:27:49] ✅ KM004: Found Combo!
[2025-11-24 21:27:49] ✅ KM004 Complete: hasCombo=True
[2025-11-24 21:28:02] ✅ Đơn hàng chờ duyệt: Booking ID 146, PromoCode: 
[2025-11-24 21:28:46] ✅ ApproveBooking: Duyệt Dat_Ve ID=146, khách hàng: Nguyễn Quang Hải
[2025-11-24 21:28:47] ✅ QR Code URL (new format) generated: https://img.vietqr.io/image/VCB-1031419192-compact2.png?amount=137000&addInfo=DatVe146
[2025-11-24 21:28:47] ✅ Hiển thị trang thanh toán thành công: Booking 146
[2025-11-24 21:28:47] 🔄 GenerateAndSendFullInvoicePdf: Starting for booking 146
[2025-11-24 21:28:47] ✅ Found booking 146, customer ID: 26
[2025-11-24 21:28:47] ✅ Customer has email: duyan9088@gmail.com
[2025-11-24 21:28:47] 🔄 GenerateFullInvoiceHtml: Starting for booking 146
[2025-11-24 21:28:47] ✅ Found 1 tickets, showtime: 29
[2025-11-24 21:28:47] ✅ Totals: tickets=82000,00, food=55000,000000, grand=137000,00, foodItems=1
[2025-11-24 21:28:47] ✅ Generated HTML, length: 5303
[2025-11-24 21:28:47] ✅ Generated HTML content, length: 5303
