[2025-11-23 20:01:50] ? BookingExpirationService started
[2025-11-23 20:09:50] Login success: leminh@example.com (Customer)
[2025-11-23 20:10:37] ✅ Tạo đơn đặt online: Booking ID 132, Trạng thái: Chưa thanh toán, Vé: 1, PromoCode: 
[2025-11-23 20:10:38] ✅ QR Code URL (new format) generated: https://img.vietqr.io/image/VCB-1031419192-compact2.png?amount=138000&addInfo=DatVe132
[2025-11-23 20:10:38] ✅ Lấy QR code: Booking 132, Tổng tiền: 138000,00
[2025-11-23 20:10:38] 🔍 KM004 Start: foodItemsJson=exist
[2025-11-23 20:11:20] ✅ PromoCode KM003: Original=138000,00, Discount=20700,0000, Type=%
[2025-11-23 20:11:20] ✅ Updated Dat_Ve: ID=132, FinalTotal=117300,0000
[2025-11-23 20:11:20] ✅ Decrement KM003: Remaining=999986
[2025-11-23 20:11:21] ✅ QR Code URL (new format) generated: https://img.vietqr.io/image/VCB-1031419192-compact2.png?amount=117300&addInfo=DatVe132
[2025-11-23 20:11:21] ✅ QR Code URL (new format) generated: https://img.vietqr.io/image/VCB-1031419192-compact2.png?amount=117300&addInfo=DatVe132
[2025-11-23 20:11:21] ✅ Lấy QR code: Booking 132, Tổng tiền: 117300,00
[2025-11-23 20:11:53] ✅ Giảm mã khuyến mãi: KM003, Còn lại: 999985
[2025-11-23 20:11:53] ✅ Xác nhận QR Payment: Booking ID 132, Trạng thái: Chờ Duyệt, PromoCode: KM003
[2025-11-23 20:14:07] ✅ ApproveBooking: Duyệt Dat_Ve ID=132, khách hàng: Lê Minh Khách
[2025-11-23 20:23:23] ✅ QR Code URL (new format) generated: https://img.vietqr.io/image/VCB-1031419192-compact2.png?amount=0&addInfo=VeThe%20Matrix
[2025-11-23 20:24:14] ✅ Updated loyalty points for Customer 24: +1 => 1
[2025-11-23 20:24:15] ✅ Admin ViewInvoice: Booking ID 133
[2025-11-23 20:24:16] ✅ Sinh QR code: 041a8471-2ad2-4f0e-a679-930cb57ab894 -> qr_041a8471-2ad2-4f0e-a679-930cb57ab894.png
[2025-11-23 20:26:15] ✅ Soát vé: 041a8471-2ad2-4f0e-a679-930cb57ab894 | Rạp: DAV Cinemax Đồng Tháp
[2025-11-23 20:58:09] ? BookingExpirationService stopped
[2025-11-23 20:58:12] ? BookingExpirationService started
