[2025-11-28 08:21:42] ? BookingExpirationService started
[2025-11-28 08:22:35] SelectSeats (Fresh DB): showtime=29, paidBookings=62, bookedCount=22
[2025-11-28 08:22:35] Booked seat ids: 202,205,206,207,215,216,217,222,225,226,227,235,236,255,258,262,266,267,277,286,293,295
[2025-11-28 08:22:43] ✅ Tạo Dat_Ve mới: ID=191, Trạng thái=Chưa thanh toán
[2025-11-28 08:22:43] ✅ Sinh QR code: DAVCINEMA-191-762-638999149632678526 -> qr_DAVCINEMA-191-762-638999149632678526.png
[2025-11-28 08:22:43] ✅ Cập nhật Dat_Ve: ID=191, Tổng tiền=82000,00, Vé=1, Đồ ăn=0
[2025-11-28 08:22:43] ✅ QR Code URL (new format) generated: https://img.vietqr.io/image/VCB-1031419192-compact2.png?amount=82000&addInfo=DatVe191
[2025-11-28 08:23:27] ✅ QR Code URL (new format) generated: https://img.vietqr.io/image/VCB-1031419192-compact2.png?amount=0&addInfo=VeM%E1%BA%AFt%20Bi%E1%BA%BFc
[2025-11-28 08:24:31] ✅ Staff Applied Promo KM004: Discount 22500
[2025-11-28 08:24:32] ✅ Admin ViewInvoice: Booking ID 192
[2025-11-28 08:24:33] ✅ Sinh QR code: 00d8110c-592e-4693-8856-a7ee4a2bf5f4 -> qr_00d8110c-592e-4693-8856-a7ee4a2bf5f4.png
[2025-11-28 08:30:33] SelectSeats (Fresh DB): showtime=29, paidBookings=63, bookedCount=22
[2025-11-28 08:30:33] Booked seat ids: 202,205,206,207,215,216,217,222,225,226,227,235,236,255,258,262,266,267,277,286,293,295
[2025-11-28 08:30:46] ✅ Tạo Dat_Ve mới: ID=193, Trạng thái=Chưa thanh toán
[2025-11-28 08:30:46] ✅ Sinh QR code: DAVCINEMA-193-752-638999154465596114 -> qr_DAVCINEMA-193-752-638999154465596114.png
[2025-11-28 08:30:46] ✅ Cập nhật Dat_Ve: ID=193, Tổng tiền=122000,00, Vé=1, Đồ ăn=0
[2025-11-28 08:30:46] ✅ QR Code URL (new format) generated: https://img.vietqr.io/image/VCB-1031419192-compact2.png?amount=122000&addInfo=DatVe193
[2025-11-28 08:32:52] ✅ Tạo hóa đơn HTML: invoice_193_20251128_083252.html
[2025-11-28 08:32:57] ✅ Gửi email thành công tới: duyan9088@gmail.com
[2025-11-28 08:32:57] ✅ Gửi email hóa đơn thành công cho khách 35 (duyan9088@gmail.com)
[2025-11-28 08:34:31] ✅ Hoàn lại 1 điểm cho khách 35
[2025-11-28 08:34:34] ✅ Gửi email thành công tới: duyan9088@gmail.com
[2025-11-28 08:34:34] ✅ Gửi email thông báo hủy vé tới: duyan9088@gmail.com
[2025-11-28 08:34:34] ✅ Hủy vé TỰ ĐỘNG: Booking 193, Customer 35, Hoàn: 85400,000
[2025-11-28 09:01:59] ? BookingExpirationService started
[2025-11-28 09:07:13] ✅ QR Code URL (new format) generated: https://img.vietqr.io/image/VCB-1031419192-compact2.png?amount=0&addInfo=VeM%E1%BA%AFt%20Bi%E1%BA%BFc
[2025-11-28 09:09:27] Login success: duyan9088@gmail.com (Customer)
[2025-11-28 09:10:11] ✅ Tạo đơn đặt online: Booking ID 1191, Trạng thái: Chưa thanh toán, Vé: 1, PromoCode: 
[2025-11-28 09:10:14] ✅ API Generated VNPay URL: BookingId=1191, Amount=137000,00₫
[2025-11-28 09:21:48] ? BookingExpirationService started
[2025-11-28 09:22:28] ✅ QR Code URL (new format) generated: https://img.vietqr.io/image/VCB-1031419192-compact2.png?amount=0&addInfo=VeM%E1%BA%AFt%20Bi%E1%BA%BFc
[2025-11-28 09:22:48] ? Found 1 expired bookings to cancel
[2025-11-28 09:22:48] ? Cancelled expired booking ID=1191, Customer=35, Released 1 seats
[2025-11-28 09:22:48] ? Successfully cancelled 1 expired bookings and released seats
[2025-11-28 09:23:10] ✅ QR Code URL (new format) generated: https://img.vietqr.io/image/VCB-1031419192-compact2.png?amount=0&addInfo=VeM%E1%BA%AFt%20Bi%E1%BA%BFc
[2025-11-28 09:23:12] ✅ QR Code URL (new format) generated: https://img.vietqr.io/image/VCB-1031419192-compact2.png?amount=0&addInfo=VeM%E1%BA%AFt%20Bi%E1%BA%BFc
[2025-11-28 09:23:14] ✅ QR Code URL (new format) generated: https://img.vietqr.io/image/VCB-1031419192-compact2.png?amount=0&addInfo=VeM%E1%BA%AFt%20Bi%E1%BA%BFc
[2025-11-28 09:23:14] ✅ QR Code URL (new format) generated: https://img.vietqr.io/image/VCB-1031419192-compact2.png?amount=0&addInfo=VeM%E1%BA%AFt%20Bi%E1%BA%BFc
[2025-11-28 09:26:05] ? BookingExpirationService started
[2025-11-28 09:26:32] ✅ Tạo đơn đặt online: Booking ID 1192, Trạng thái: Chưa thanh toán, Vé: 1, PromoCode: 
[2025-11-28 09:26:38] ✅ API Generated VNPay URL: BookingId=1192, Amount=137000,00₫
[2025-11-28 09:27:48] ✅ Tạo hóa đơn HTML: invoice_1192_20251128_092747.html
[2025-11-28 09:27:51] ✅ Gửi email thành công tới: duyan9088@gmail.com
[2025-11-28 09:27:51] ✅ Gửi email hóa đơn thành công cho khách 35 (duyan9088@gmail.com)
[2025-11-28 09:27:51] ✅ API VNPay Payment Success: Booking 1192, Customer 35, TransactionNo: 15307675
[2025-11-28 09:38:57] SelectSeats (Fresh DB): showtime=29, paidBookings=64, bookedCount=23
[2025-11-28 09:38:57] Booked seat ids: 202,205,206,207,212,215,216,217,222,225,226,227,235,236,255,258,262,266,267,277,286,293,295
[2025-11-28 09:39:04] ✅ Tạo Dat_Ve mới: ID=1193, Trạng thái=Chưa thanh toán
[2025-11-28 09:39:05] ✅ Sinh QR code: DAVCINEMA-1193-750-638999195449562849 -> qr_DAVCINEMA-1193-750-638999195449562849.png
[2025-11-28 09:39:05] ✅ Cập nhật Dat_Ve: ID=1193, Tổng tiền=82000,00, Vé=1, Đồ ăn=0
[2025-11-28 09:39:05] ✅ QR Code URL (new format) generated: https://img.vietqr.io/image/VCB-1031419192-compact2.png?amount=82000&addInfo=DatVe1193
[2025-11-28 09:39:16] SelectSeats (Fresh DB): showtime=29, paidBookings=64, bookedCount=23
[2025-11-28 09:39:16] Booked seat ids: 202,205,206,207,212,215,216,217,222,225,226,227,235,236,255,258,262,266,267,277,286,293,295
[2025-11-28 09:39:22] ✅ Tạo Dat_Ve mới: ID=1194, Trạng thái=Chưa thanh toán
[2025-11-28 09:39:22] ✅ Sinh QR code: DAVCINEMA-1194-785-638999195624016176 -> qr_DAVCINEMA-1194-785-638999195624016176.png
[2025-11-28 09:39:22] ✅ Cập nhật Dat_Ve: ID=1194, Tổng tiền=97000,00, Vé=1, Đồ ăn=0
[2025-11-28 09:39:22] ✅ QR Code URL (new format) generated: https://img.vietqr.io/image/VCB-1031419192-compact2.png?amount=97000&addInfo=DatVe1194
[2025-11-28 09:39:25] ✅ QR Code URL (new format) generated: https://img.vietqr.io/image/VCB-1031419192-compact2.png?amount=95500&addInfo=DatVe1194
[2025-11-28 11:50:50] ? Found 2 expired bookings to cancel
[2025-11-28 11:50:50] ? Cancelled expired booking ID=1193, Customer=1, Released 1 seats
[2025-11-28 11:50:50] ? Cancelled expired booking ID=1194, Customer=1, Released 1 seats
[2025-11-28 11:50:50] ? Successfully cancelled 2 expired bookings and released seats
[2025-11-28 17:17:49] ? BookingExpirationService started
[2025-11-28 17:20:48] Login success: duyan9088@gmail.com (Customer)
[2025-11-28 17:21:42] ✅ Tạo đơn đặt online: Booking ID 1195, Trạng thái: Chưa thanh toán, Vé: 1, PromoCode: , Discount: 0
[2025-11-28 17:28:56] ? BookingExpirationService started
[2025-11-28 17:30:50] Login success: duyan9088@gmail.com (Customer)
[2025-11-28 17:31:17] ✅ Tạo đơn đặt online: Booking ID 1196, Trạng thái: Chưa thanh toán, Vé: 1, PromoCode: , Discount: 0
[2025-11-28 17:31:18] ✅ Lấy 6 khuyến mãi cho customer 35
[2025-11-28 17:31:32] ✅ Tính OriginalTotal từ booking: Vé=82000,00, Đồ ăn=55000,00, Total=137000,00
[2025-11-28 17:31:32] ✅ Áp dụng khuyến mãi KM004 cho booking 1196: 137000,00 → 116450,00₫ (Giảm 20550₫)
[2025-11-28 17:31:40] ✅ API Generated VNPay URL: BookingId=1196, Amount=116450,00₫
[2025-11-28 17:31:56] ? Found 1 expired bookings to cancel
[2025-11-28 17:31:56] ? Cancelled expired booking ID=1195, Customer=35, Released 0 seats
[2025-11-28 17:31:56] ? Successfully cancelled 1 expired bookings and released seats
[2025-11-28 17:32:54] ✅ Tạo đơn đặt online: Booking ID 1197, Trạng thái: Chưa thanh toán, Vé: 1, PromoCode: , Discount: 0
[2025-11-28 17:32:54] ✅ Lấy 6 khuyến mãi cho customer 35
[2025-11-28 17:33:26] ✅ Tính OriginalTotal từ booking: Vé=82000,00, Đồ ăn=15000,00, Total=97000,00
[2025-11-28 17:33:26] ✅ Áp dụng khuyến mãi KM003 cho booking 1197: 97000,00 → 82450,00₫ (Giảm 14550₫)
[2025-11-28 17:33:32] ✅ Tính OriginalTotal từ booking: Vé=82000,00, Đồ ăn=15000,00, Total=97000,00
[2025-11-28 17:33:32] ✅ Áp dụng khuyến mãi KM003 cho booking 1197: 97000,00 → 82450,00₫ (Giảm 14550₫)
[2025-11-28 17:33:33] ✅ API Generated VNPay URL: BookingId=1197, Amount=82450,00₫
[2025-11-28 17:35:39] SelectSeats (Fresh DB): showtime=29, paidBookings=64, bookedCount=23
[2025-11-28 17:35:39] Booked seat ids: 202,205,206,207,212,215,216,217,222,225,226,227,235,236,255,258,262,266,267,277,286,293,295
[2025-11-28 17:35:47] ✅ Tạo Dat_Ve mới: ID=1198, Trạng thái=Chưa thanh toán
[2025-11-28 17:35:47] ✅ Sinh QR code: DAVCINEMA-1198-764-638999481477592173 -> qr_DAVCINEMA-1198-764-638999481477592173.png
[2025-11-28 17:35:47] ✅ Cập nhật Dat_Ve: ID=1198, Tổng tiền=97000,00, Vé=1, Đồ ăn=0
[2025-11-28 17:35:47] ✅ QR Code URL (new format) generated: https://img.vietqr.io/image/VCB-1031419192-compact2.png?amount=97000&addInfo=DatVe1198
[2025-11-28 17:35:55] ✅ QR Code URL (new format) generated: https://img.vietqr.io/image/VCB-1031419192-compact2.png?amount=82450&addInfo=DatVe1198
[2025-11-28 17:35:57] ✅ QR Code URL (new format) generated: https://img.vietqr.io/image/VCB-1031419192-compact2.png?amount=97000&addInfo=DatVe1198
[2025-11-28 17:35:58] ✅ QR Code URL (new format) generated: https://img.vietqr.io/image/VCB-1031419192-compact2.png?amount=82450&addInfo=DatVe1198
[2025-11-28 17:35:59] ✅ QR Code URL (new format) generated: https://img.vietqr.io/image/VCB-1031419192-compact2.png?amount=97000&addInfo=DatVe1198
[2025-11-28 17:35:59] ✅ QR Code URL (new format) generated: https://img.vietqr.io/image/VCB-1031419192-compact2.png?amount=82450&addInfo=DatVe1198
[2025-11-28 17:44:05] ? BookingExpirationService started
[2025-11-28 17:45:05] ? Found 2 expired bookings to cancel
[2025-11-28 17:45:05] ? Cancelled expired booking ID=1196, Customer=35, Released 0 seats
[2025-11-28 17:45:05] ? Cancelled expired booking ID=1197, Customer=35, Released 0 seats
[2025-11-28 17:45:05] ? Successfully cancelled 2 expired bookings and released seats
[2025-11-28 17:45:40] Login success: duyan9088@gmail.com (Customer)
[2025-11-28 17:46:05] ? Found 1 expired bookings to cancel
[2025-11-28 17:46:05] ? Cancelled expired booking ID=1198, Customer=1, Released 1 seats
[2025-11-28 17:46:05] ? Successfully cancelled 1 expired bookings and released seats
[2025-11-28 17:46:22] ✅ Tạo đơn đặt online: Booking ID 1199, Trạng thái: Chưa thanh toán, Vé: 1, PromoCode: , Discount: 0
[2025-11-28 17:46:22] ✅ Lấy 6 khuyến mãi cho customer 35
[2025-11-28 17:48:20] ✅ API Generated VNPay URL: BookingId=1199, Amount=97000,00₫
[2025-11-28 18:21:24] ? BookingExpirationService started
[2025-11-28 18:22:24] ? Found 1 expired bookings to cancel
[2025-11-28 18:22:24] ? Cancelled expired booking ID=1199, Customer=35, Released 1 seats
[2025-11-28 18:22:24] ? Successfully cancelled 1 expired bookings and released seats
[2025-11-28 18:41:08] ? BookingExpirationService started
[2025-11-28 18:47:31] Login success: duyan9088@gmail.com (Customer)
[2025-11-28 18:47:59] ✅ Tạo đơn đặt online: Booking ID 1200, Trạng thái: Chưa thanh toán, Vé: 1, PromoCode: , Discount: 0
[2025-11-28 18:48:00] ✅ Lấy 6 khuyến mãi cho customer 35
[2025-11-28 18:48:05] ✅ API Generated VNPay URL: BookingId=1200, Amount=95000,00₫
[2025-11-28 19:00:02] ? BookingExpirationService started
[2025-11-28 19:01:02] ? Found 1 expired bookings to cancel
[2025-11-28 19:01:02] ? Cancelled expired booking ID=1200, Customer=35, Released 1 seats
[2025-11-28 19:01:03] ? Successfully cancelled 1 expired bookings and released seats
[2025-11-28 19:02:24] Login success: duyan9088@gmail.com (Customer)
[2025-11-28 19:02:49] ✅ Tạo đơn đặt online: Booking ID 1201, Trạng thái: Chưa thanh toán, Vé: 1, PromoCode: , Discount: 0
[2025-11-28 19:02:50] ✅ Lấy 6 khuyến mãi cho customer 35
[2025-11-28 19:02:56] ✅ API Generated VNPay URL: BookingId=1201, Amount=97000,00₫
[2025-11-28 19:27:16] ? BookingExpirationService started
[2025-11-28 19:28:16] ? Found 1 expired bookings to cancel
[2025-11-28 19:28:16] ? Cancelled expired booking ID=1201, Customer=35, Released 1 seats
[2025-11-28 19:28:17] ? Successfully cancelled 1 expired bookings and released seats
[2025-11-28 19:36:58] Login success: duyan9088@gmail.com (Customer)
[2025-11-28 19:41:30] Login success: vu@gmail.com (Staff)
[2025-11-28 19:41:30] ✅ Staff Dashboard: ID 5
[2025-11-28 19:41:55] ❌ Staff 5 cố soát vé của rạp khác: 2b5c8db2-f724-4361-b2d8-a78f7b8acbcd
[2025-11-28 19:42:03] ✅ Lấy thông tin Staff: ID 5
[2025-11-28 19:42:22] ✅ Staff Dashboard: ID 5
[2025-11-28 20:01:27] ? BookingExpirationService started
[2025-11-28 20:03:00] Login success: duyan9088@gmail.com (Customer)
[2025-11-28 20:07:50] ? BookingExpirationService started
[2025-11-28 20:23:58] ? BookingExpirationService started
[2025-11-28 20:26:18] ✅ Sinh QR code: DAVCINEMA-1202-953-638999583782904492 -> qr_DAVCINEMA-1202-953-638999583782904492.png
[2025-11-28 20:26:18] ✅ Tạo đơn đặt online: Booking ID 1202, Trạng thái: Chưa thanh toán, Vé: 1, PromoCode: , Discount: 0
[2025-11-28 20:26:19] ✅ Lấy 2 khuyến mãi phù hợp cho customer 35
[2025-11-28 20:26:31] ✅ API Generated VNPay URL: BookingId=1202, Amount=95000,00₫
[2025-11-28 20:34:55] ? BookingExpirationService started
[2025-11-28 20:36:55] ? Found 1 expired bookings to cancel
[2025-11-28 20:36:55] ? Cancelled expired booking ID=1202, Customer=35, Released 1 seats
[2025-11-28 20:36:55] ? Successfully cancelled 1 expired bookings and released seats
[2025-11-28 20:37:45] Login success: duyan9088@gmail.com (Customer)
[2025-11-28 20:38:05] ✅ Sinh QR code: DAVCINEMA-1203-764-638999590848120255 -> qr_DAVCINEMA-1203-764-638999590848120255.png
[2025-11-28 20:38:05] ✅ Tạo đơn đặt online: Booking ID 1203, Trạng thái: Chưa thanh toán, Vé: 1, PromoCode: , Discount: 0
[2025-11-28 20:38:22] ✅ API Generated VNPay URL: BookingId=1203, Amount=97000,00₫
[2025-11-28 20:45:26] ? BookingExpirationService started
[2025-11-28 20:48:27] ? Found 1 expired bookings to cancel
[2025-11-28 20:48:27] ? Cancelled expired booking ID=1203, Customer=35, Released 1 seats
[2025-11-28 20:48:29] ? Successfully cancelled 1 expired bookings and released seats
[2025-11-28 20:49:14] ✅ Sinh QR code: DAVCINEMA-1204-764-638999597544833167 -> qr_DAVCINEMA-1204-764-638999597544833167.png
[2025-11-28 20:49:15] ✅ Tạo đơn đặt online: Booking ID 1204, Trạng thái: Chưa thanh toán, Vé: 1, PromoCode: , Discount: 0
[2025-11-28 20:49:31] ✅ API Generated VNPay URL: BookingId=1204, Amount=97000,00₫
[2025-11-28 20:50:25] Login success: dat@gmail.com (Staff)
[2025-11-28 20:50:26] ✅ Staff Dashboard: ID 6
[2025-11-28 20:51:39] ✅ Soát vé (API): 2b5c8db2-f724-4361-b2d8-a78f7b8acbcd | Rạp: DAV Cinemax Đồng Tháp
[2025-11-28 20:52:04] ✅ Lấy thông tin Staff: ID 6
[2025-11-28 20:52:27] Login success: duyan9088@gmail.com (Customer)
[2025-11-28 20:59:27] ? Found 1 expired bookings to cancel
[2025-11-28 20:59:27] ? Cancelled expired booking ID=1204, Customer=35, Released 1 seats
[2025-11-28 20:59:27] ? Successfully cancelled 1 expired bookings and released seats
[2025-11-28 21:11:03] ? BookingExpirationService started
[2025-11-28 21:15:08] Login success: duyan9088@gmail.com (Customer)
[2025-11-28 21:15:26] ✅ Sinh QR code: DAVCINEMA-1205-764-638999613263335570 -> qr_DAVCINEMA-1205-764-638999613263335570.png
[2025-11-28 21:15:26] ✅ Tạo đơn đặt online: Booking ID 1205, Trạng thái: Chưa thanh toán, Vé: 1, PromoCode: , Discount: 0
[2025-11-28 21:15:50] ✅ API Generated VNPay URL: BookingId=1205, Amount=97000,00₫
[2025-11-28 21:19:53] ? BookingExpirationService started
[2025-11-28 21:22:13] Login success: duyan9088@gmail.com (Customer)
[2025-11-28 21:22:29] ✅ Sinh QR code: DAVCINEMA-1206-764-638999617494335436 -> qr_DAVCINEMA-1206-764-638999617494335436.png
[2025-11-28 21:22:29] ✅ Tạo đơn đặt online: Booking ID 1206, Trạng thái: Chưa thanh toán, Vé: 1, PromoCode: , Discount: 0
[2025-11-28 21:24:57]  Staff Cancel: Hủy Dat_Ve ID=192, giải phóng 1 vé
[2025-11-28 21:25:53] ? Found 1 expired bookings to cancel
[2025-11-28 21:25:53] ? Cancelled expired booking ID=1205, Customer=35, Released 0 seats
[2025-11-28 21:25:53] ? Successfully cancelled 1 expired bookings and released seats
[2025-11-28 21:29:45] ? BookingExpirationService started
[2025-11-28 21:32:38] ✅ Sinh QR code: DAVCINEMA-1207-764-638999623584319651 -> qr_DAVCINEMA-1207-764-638999623584319651.png
[2025-11-28 21:32:38] ✅ Tạo đơn đặt online: Booking ID 1207, Trạng thái: Chưa thanh toán, Vé: 1, PromoCode: , Discount: 0
[2025-11-28 21:32:45] ? Found 1 expired bookings to cancel
[2025-11-28 21:32:45] ? Cancelled expired booking ID=1206, Customer=35, Released 0 seats
[2025-11-28 21:32:45] ? Successfully cancelled 1 expired bookings and released seats
[2025-11-28 21:43:09] ? BookingExpirationService started
[2025-11-28 21:44:09] ? Found 1 expired bookings to cancel
[2025-11-28 21:44:09] ? Cancelled expired booking ID=1207, Customer=35, Released 1 seats
[2025-11-28 21:44:10] ? Successfully cancelled 1 expired bookings and released seats
[2025-11-28 21:45:18] Login success: duyan9088@gmail.com (Customer)
[2025-11-28 21:45:39] ✅ Sinh QR code: DAVCINEMA-1208-764-638999631393997007 -> qr_DAVCINEMA-1208-764-638999631393997007.png
[2025-11-28 21:45:39] ✅ Tạo đơn đặt online: Booking ID 1208, Trạng thái: Chưa thanh toán, Vé: 1, PromoCode: , Discount: 0
[2025-11-28 21:45:39] 🔴 GetAvailablePromoCodes ENTRY POINT REACHED
[2025-11-28 21:45:39] ✅ API GetAvailablePromoCodes called: CustomerId=35
[2025-11-28 21:45:39] ✅ Found 6 active promos in DB
[2025-11-28 21:45:39] ✅ Added promo: KM001, applicable=False, reason=Đã hết hạn
[2025-11-28 21:45:39] ✅ Added promo: KM003, applicable=True, reason=
[2025-11-28 21:45:39] ✅ Added promo: KM004, applicable=True, reason=
[2025-11-28 21:45:39] ✅ Added promo: k08, applicable=False, reason=Không áp dụng cho các món trong giỏ
[2025-11-28 21:45:39] ✅ Added promo: KM005, applicable=False, reason=Không áp dụng cho các món trong giỏ
[2025-11-28 21:45:39] ✅ Added promo: KM0059, applicable=False, reason=Không áp dụng cho các món trong giỏ
[2025-11-28 21:45:39] ✅ Returning 6 promos to client
[2025-11-28 21:49:02] ✅ Tính OriginalTotal từ booking: Vé=82000,00, Đồ ăn=15000,00, Total=97000,00
[2025-11-28 21:49:02] ✅ Áp dụng khuyến mãi KM004 cho booking 1208: 97000,00 → 82450,00₫ (Giảm 14550₫)
[2025-11-28 21:56:09] ? Found 1 expired bookings to cancel
[2025-11-28 21:56:10] ? Cancelled expired booking ID=1208, Customer=35, Released 1 seats
[2025-11-28 21:56:10] ? Successfully cancelled 1 expired bookings and released seats
[2025-11-28 22:00:05] ? BookingExpirationService started
[2025-11-28 22:02:31] Login success: duyan9088@gmail.com (Customer)
[2025-11-28 22:02:44] ✅ Sinh QR code: DAVCINEMA-1209-764-638999641638744336 -> qr_DAVCINEMA-1209-764-638999641638744336.png
[2025-11-28 22:02:44] ✅ Tạo đơn đặt online: Booking ID 1209, Trạng thái: Chưa thanh toán, Vé: 1, PromoCode: , Discount: 0
[2025-11-28 22:02:45] 🔴 GetAvailablePromoCodes ENTRY POINT REACHED
[2025-11-28 22:02:45] ✅ API GetAvailablePromoCodes called: CustomerId=35
[2025-11-28 22:02:45] ✅ Found 6 active promos in DB
[2025-11-28 22:02:45] ✅ Added promo: KM001, applicable=False, reason=Đã hết hạn
[2025-11-28 22:02:45] ✅ Added promo: KM003, applicable=True, reason=
[2025-11-28 22:02:45] ✅ Added promo: KM004, applicable=True, reason=
[2025-11-28 22:02:45] ✅ Added promo: k08, applicable=False, reason=Không áp dụng cho các món trong giỏ
[2025-11-28 22:02:45] ✅ Added promo: KM005, applicable=False, reason=Không áp dụng cho các món trong giỏ
[2025-11-28 22:02:45] ✅ Added promo: KM0059, applicable=False, reason=Không áp dụng cho các món trong giỏ
[2025-11-28 22:02:45] ✅ Returning 6 promos to client
[2025-11-28 22:03:00] 🔴 ApplyPromoToBooking called: bookingId=1209, promoCode=KM004, requestData={
  "promo_code": "KM004",
  "original_total": "97000.0"
}
[2025-11-28 22:03:00] ✅ Tính OriginalTotal từ booking: Vé=82000,00, Đồ ăn=15000,00, Total=97000,00
[2025-11-28 22:03:00] ✅ Áp dụng khuyến mãi KM004 cho booking 1209: 97000,00 → 82450,00₫ (Giảm 14550₫)
[2025-11-28 22:13:12] ? Found 1 expired bookings to cancel
[2025-11-28 22:13:18] ? Cancelled expired booking ID=1209, Customer=35, Released 1 seats
[2025-11-28 22:13:18] ? Successfully cancelled 1 expired bookings and released seats
[2025-11-28 22:20:19] Login success: duyan9088@gmail.com (Customer)
[2025-11-28 22:20:33] ✅ Sinh QR code: DAVCINEMA-1210-764-638999652339088493 -> qr_DAVCINEMA-1210-764-638999652339088493.png
[2025-11-28 22:20:33] ✅ Tạo đơn đặt online: Booking ID 1210, Trạng thái: Chưa thanh toán, Vé: 1, PromoCode: , Discount: 0
[2025-11-28 22:20:34] 🔴 GetAvailablePromoCodes ENTRY POINT REACHED
[2025-11-28 22:20:34] ✅ API GetAvailablePromoCodes called: CustomerId=35
[2025-11-28 22:20:34] ✅ Found 6 active promos in DB
[2025-11-28 22:20:34] ✅ Added promo: KM001, applicable=False, reason=Đã hết hạn
[2025-11-28 22:20:34] ✅ Added promo: KM003, applicable=True, reason=
[2025-11-28 22:20:34] ✅ Added promo: KM004, applicable=True, reason=
[2025-11-28 22:20:34] ✅ Added promo: k08, applicable=False, reason=Không áp dụng cho các món trong giỏ
[2025-11-28 22:20:34] ✅ Added promo: KM005, applicable=False, reason=Không áp dụng cho các món trong giỏ
[2025-11-28 22:20:34] ✅ Added promo: KM0059, applicable=False, reason=Không áp dụng cho các món trong giỏ
[2025-11-28 22:20:34] ✅ Returning 6 promos to client
[2025-11-28 22:22:24] ✅ API Generated VNPay URL: BookingId=1210, Amount=97000,00₫
[2025-11-28 22:23:44] ✅ Tạo hóa đơn HTML: invoice_1210_20251128_222344.html
[2025-11-28 22:23:49] ✅ Gửi email thành công tới: duyan9088@gmail.com
[2025-11-28 22:23:49] ✅ Gửi email hóa đơn thành công cho khách 35 (duyan9088@gmail.com)
[2025-11-28 22:23:49] ✅ API VNPay Payment Success: Booking 1210, Customer 35, TransactionNo: 15309298
[2025-11-28 22:25:52] Login success: dat@gmail.com (Staff)
[2025-11-28 22:25:52] ✅ Staff Dashboard: ID 6
[2025-11-28 22:35:37] ✅ Staff Dashboard: ID 6
[2025-11-28 22:40:51] ✅ Lấy thông tin Staff: ID 6
[2025-11-28 22:41:12] Login success: duyan9088@gmail.com (Customer)
[2025-11-28 22:41:25] ✅ Sinh QR code: DAVCINEMA-1211-770-638999664856814337 -> qr_DAVCINEMA-1211-770-638999664856814337.png
[2025-11-28 22:41:25] ✅ Tạo đơn đặt online: Booking ID 1211, Trạng thái: Chưa thanh toán, Vé: 1, PromoCode: , Discount: 0
[2025-11-28 22:41:26] 🔴 GetAvailablePromoCodes ENTRY POINT REACHED
[2025-11-28 22:41:26] ✅ API GetAvailablePromoCodes called: CustomerId=35
[2025-11-28 22:41:26] ✅ Found 6 active promos in DB
[2025-11-28 22:41:26] ✅ Added promo: KM001, applicable=False, reason=Đã hết hạn
[2025-11-28 22:41:26] ✅ Added promo: KM003, applicable=True, reason=
[2025-11-28 22:41:26] ✅ Added promo: KM004, applicable=True, reason=
[2025-11-28 22:41:26] ✅ Added promo: k08, applicable=False, reason=Không áp dụng cho các món trong giỏ
[2025-11-28 22:41:26] ✅ Added promo: KM005, applicable=False, reason=Không áp dụng cho các món trong giỏ
[2025-11-28 22:41:26] ✅ Added promo: KM0059, applicable=False, reason=Không áp dụng cho các món trong giỏ
[2025-11-28 22:41:26] ✅ Returning 6 promos to client
[2025-11-28 22:41:41] 🔴 ApplyPromoToBooking called: bookingId=1211, promoCode=KM004, requestData={
  "promo_code": "KM004",
  "original_total": "97000.0"
}
[2025-11-28 22:41:41] ✅ Tính OriginalTotal từ booking: Vé=82000,00, Đồ ăn=15000,00, Total=97000,00
[2025-11-28 22:41:41] ✅ Áp dụng khuyến mãi KM004 cho booking 1211: 97000,00 → 82450,00₫ (Giảm 14550₫)
[2025-11-28 22:44:30] ✅ Sinh QR code: DAVCINEMA-1212-784-638999666701941399 -> qr_DAVCINEMA-1212-784-638999666701941399.png
[2025-11-28 22:44:30] ✅ Tạo đơn đặt online: Booking ID 1212, Trạng thái: Chưa thanh toán, Vé: 1, PromoCode: , Discount: 0
[2025-11-28 22:44:30] 🔴 GetAvailablePromoCodes ENTRY POINT REACHED
[2025-11-28 22:44:30] ✅ API GetAvailablePromoCodes called: CustomerId=35
[2025-11-28 22:44:31] ✅ Found 6 active promos in DB
[2025-11-28 22:44:31] ✅ Added promo: KM001, applicable=False, reason=Đã hết hạn
[2025-11-28 22:44:31] ✅ Added promo: KM003, applicable=True, reason=
[2025-11-28 22:44:31] ✅ Added promo: KM004, applicable=True, reason=
[2025-11-28 22:44:31] ✅ Added promo: k08, applicable=False, reason=Không áp dụng cho các món trong giỏ
[2025-11-28 22:44:31] ✅ Added promo: KM005, applicable=False, reason=Không áp dụng cho các món trong giỏ
[2025-11-28 22:44:31] ✅ Added promo: KM0059, applicable=False, reason=Không áp dụng cho các món trong giỏ
[2025-11-28 22:44:31] ✅ Returning 6 promos to client
[2025-11-28 22:52:11] ? Found 1 expired bookings to cancel
[2025-11-28 22:52:11] ? Cancelled expired booking ID=1211, Customer=35, Released 1 seats
[2025-11-28 22:52:11] ? Successfully cancelled 1 expired bookings and released seats
[2025-11-28 22:55:11] ? Found 1 expired bookings to cancel
[2025-11-28 22:55:11] ? Cancelled expired booking ID=1212, Customer=35, Released 1 seats
[2025-11-28 22:55:11] ? Successfully cancelled 1 expired bookings and released seats
[2025-11-28 22:57:42] ? BookingExpirationService started
[2025-11-28 23:08:38] Login success: duyan9088@gmail.com (Customer)
[2025-11-28 23:09:01] ✅ Sinh QR code: DAVCINEMA-1213-770-638999681409895753 -> qr_DAVCINEMA-1213-770-638999681409895753.png
[2025-11-28 23:09:01] ✅ Tạo đơn đặt online: Booking ID 1213, Trạng thái: Chưa thanh toán, Vé: 1, PromoCode: , Discount: 0
[2025-11-28 23:09:02] 🔴 GetAvailablePromoCodes ENTRY POINT REACHED
[2025-11-28 23:09:02] ✅ API GetAvailablePromoCodes called: CustomerId=35
[2025-11-28 23:09:02] ✅ Found 6 active promos in DB
[2025-11-28 23:09:02] ✅ Added promo: KM001, applicable=False, reason=Đã hết hạn
[2025-11-28 23:09:02] ✅ Added promo: KM003, applicable=False, reason=Dành cho khách hàng VIP (100+ điểm)
[2025-11-28 23:09:02] ✅ Added promo: KM004, applicable=True, reason=
[2025-11-28 23:09:02] ✅ Added promo: k08, applicable=False, reason=Khuyến mãi này chỉ áp dụng cho combo cụ thể
[2025-11-28 23:09:02] ✅ Added promo: KM005, applicable=False, reason=Khuyến mãi này chỉ áp dụng cho combo cụ thể
[2025-11-28 23:09:02] ✅ Added promo: KM0059, applicable=False, reason=Khuyến mãi này chỉ áp dụng cho combo cụ thể
[2025-11-28 23:09:02] ✅ Returning 6 promos to client
[2025-11-28 23:09:40] ✅ Sinh QR code: DAVCINEMA-1214-750-638999681804763566 -> qr_DAVCINEMA-1214-750-638999681804763566.png
[2025-11-28 23:09:40] ✅ Tạo đơn đặt online: Booking ID 1214, Trạng thái: Chưa thanh toán, Vé: 1, PromoCode: , Discount: 0
[2025-11-28 23:09:41] 🔴 GetAvailablePromoCodes ENTRY POINT REACHED
[2025-11-28 23:09:41] ✅ API GetAvailablePromoCodes called: CustomerId=35
[2025-11-28 23:09:41] ✅ Found 6 active promos in DB
[2025-11-28 23:09:41] ✅ Added promo: KM001, applicable=False, reason=Đã hết hạn
[2025-11-28 23:09:41] ✅ Added promo: KM003, applicable=False, reason=Dành cho khách hàng VIP (100+ điểm)
[2025-11-28 23:09:41] ✅ Added promo: KM004, applicable=True, reason=
[2025-11-28 23:09:41] ✅ Added promo: k08, applicable=False, reason=Khuyến mãi này chỉ áp dụng cho combo cụ thể
[2025-11-28 23:09:41] ✅ Added promo: KM005, applicable=False, reason=Khuyến mãi này chỉ áp dụng cho combo cụ thể
[2025-11-28 23:09:41] ✅ Added promo: KM0059, applicable=False, reason=Khuyến mãi này chỉ áp dụng cho combo cụ thể
[2025-11-28 23:09:41] ✅ Returning 6 promos to client
[2025-11-28 23:09:46] 🔴 ApplyPromoToBooking called: bookingId=1214, promoCode=KM004, requestData={
  "promo_code": "KM004",
  "original_total": "137000.0"
}
[2025-11-28 23:09:46] ✅ Tính OriginalTotal từ booking: Vé=82000,00, Đồ ăn=55000,00, Total=137000,00
[2025-11-28 23:09:46] ✅ Áp dụng khuyến mãi KM004 cho booking 1214: 137000,00 → 116450,00₫ (Giảm 20550₫)
[2025-11-28 23:09:49] ✅ API Generated VNPay URL: BookingId=1214, Amount=116450,00₫
[2025-11-28 23:11:03] ✅ Tạo hóa đơn HTML: invoice_1214_20251128_231103.html
[2025-11-28 23:11:08] ✅ Gửi email thành công tới: duyan9088@gmail.com
[2025-11-28 23:11:08] ✅ Gửi email hóa đơn thành công cho khách 35 (duyan9088@gmail.com)
[2025-11-28 23:11:08] ✅ API VNPay Payment Success: Booking 1214, Customer 35, TransactionNo: 15309384
[2025-11-28 23:18:09] Login success: dat@gmail.com (Staff)
[2025-11-28 23:18:09] ✅ Staff Dashboard: ID 6
[2025-11-28 23:19:43] ? Found 1 expired bookings to cancel
[2025-11-28 23:19:43] ? Cancelled expired booking ID=1213, Customer=35, Released 1 seats
[2025-11-28 23:19:43] ? Successfully cancelled 1 expired bookings and released seats
[2025-11-28 23:22:23] ✅ Staff Dashboard: ID 6
