[2025-11-10 07:43:17] ? BookingExpirationService started
[2025-11-10 07:44:22] SelectSeats (Fresh DB): showtime=14, paidBookings=1, bookedCount=0
[2025-11-10 07:45:59] ✅ Tạo Dat_Ve mới: ID=13, Trạng thái=Chưa thanh toán
[2025-11-10 07:45:59] ✅ Cập nhật Dat_Ve: ID=13, Tổng tiền=180000,00, Vé=2, Đồ ăn=0
[2025-11-10 08:00:04] ? BookingExpirationService started
[2025-11-10 08:00:37] SelectSeats (Fresh DB): showtime=14, paidBookings=1, bookedCount=0
[2025-11-10 08:01:09] ✅ Tạo Dat_Ve mới: ID=14, Trạng thái=Chưa thanh toán
[2025-11-10 08:01:09] ✅ Cập nhật Dat_Ve: ID=14, Tổng tiền=180000,00, Vé=2, Đồ ăn=0
[2025-11-10 08:04:58] SelectSeats (Fresh DB): showtime=10, paidBookings=1, bookedCount=0
[2025-11-10 08:05:04] ✅ Tạo Dat_Ve mới: ID=15, Trạng thái=Chưa thanh toán
[2025-11-10 08:05:04] ✅ Cập nhật Dat_Ve: ID=15, Tổng tiền=140000,00, Vé=2, Đồ ăn=0
[2025-11-10 08:12:42] ✅ Xem hóa đơn: Booking ID 15
[2025-11-10 08:13:56] ✅ Xem hóa đơn: Booking ID 15
[2025-11-10 08:14:06] ✅ Tạo URL thanh toán VNPAY thành công: https://sandbox.vnpayment.vn/paygate?vnp_Amount=14000000&vnp_Command=pay&vnp_CreateDate=20251110081406&vnp_CurrCode=VND&vnp_IpAddr=%3a%3a1&vnp_Locale=vn&vnp_OrderInfo=Thanh+to%c3%a1n+v%c3%a9+xem+phim+-+M%c3%a3+%c4%91%c6%a1n%3a+15&vnp_OrderType=billpayment&vnp_ReturnUrl=http%3a%2f%2flocalhost%3a1234%2fBooking%2fPaymentReturn&vnp_TmnCode=OOI636PL&vnp_TxnRef=202511100814066950&vnp_Version=2.1.0&vnp_SecureHash=44aaeb2fa4015f639a5ef365104c799995decc3e04e13df1f5d4f86808face1d24af7acc8f69dfcbac1ae3be55297d5787f1e0ceb1469fa1adc737d1aef74cde
[2025-11-10 08:14:06] ✅ Khởi tạo thanh toán VNPAY: Booking ID 15, Amount 140000,00
[2025-11-10 08:16:43] ✅ Xem hóa đơn: Booking ID 15
[2025-11-10 08:16:46] ✅ Xem hóa đơn: Booking ID 15
[2025-11-10 08:16:47] ✅ Xem hóa đơn: Booking ID 15
[2025-11-10 08:16:52] ✅ Xem hóa đơn: Booking ID 15
[2025-11-10 08:19:06] ✅ Tạo URL thanh toán VNPAY thành công: https://sandbox.vnpayment.vn/paygate?vnp_Amount=14000000&vnp_Command=pay&vnp_CreateDate=20251110081906&vnp_CurrCode=VND&vnp_IpAddr=%3a%3a1&vnp_Locale=vn&vnp_OrderInfo=Thanh+to%c3%a1n+v%c3%a9+xem+phim+-+M%c3%a3+%c4%91%c6%a1n%3a+15&vnp_OrderType=billpayment&vnp_ReturnUrl=http%3a%2f%2flocalhost%3a1234%2fBooking%2fPaymentReturn&vnp_TmnCode=OOI636PL&vnp_TxnRef=202511100819061513&vnp_Version=2.1.0&vnp_SecureHash=2e7a0f0599717d71b8c913a08b488df0d68762af2718d06a3da12840aefd978040b27d5607893a23bce24d09bde0b435169743446699f3dd95a38fbd41316c6b
[2025-11-10 08:19:06] ✅ Khởi tạo thanh toán VNPAY: Booking ID 15, Amount 140000,00
[2025-11-10 08:20:18] ✅ Xem hóa đơn: Booking ID 15
[2025-11-10 08:20:38] ✅ Xem hóa đơn: Booking ID 15
[2025-11-10 08:23:42] ✅ Xem hóa đơn: Booking ID 15
[2025-11-10 08:24:51] ✅ Tạo URL thanh toán VNPAY thành công: https://sandbox.vnpayment.vn/paygate?vnp_Amount=14000000&vnp_Command=pay&vnp_CreateDate=20251110082451&vnp_CurrCode=VND&vnp_IpAddr=%3a%3a1&vnp_Locale=vn&vnp_OrderInfo=Thanh+to%c3%a1n+v%c3%a9+xem+phim+-+M%c3%a3+%c4%91%c6%a1n%3a+15&vnp_OrderType=billpayment&vnp_ReturnUrl=http%3a%2f%2flocalhost%3a1234%2fBooking%2fPaymentReturn&vnp_TmnCode=OOI636PL&vnp_TxnRef=202511100824515227&vnp_Version=2.1.0&vnp_SecureHash=9af475766d393291fbb6682249a978d3d07666c0c7b093a07bcfb0d04e83273e3cad27aa8d521f74ea95794a95f32f0cce574d9bb046ef368856b1a4798a19b7
[2025-11-10 08:24:51] ✅ Khởi tạo thanh toán VNPAY: Booking ID 15, Amount 140000,00
[2025-11-10 08:26:50] ✅ Xem hóa đơn: Booking ID 15
[2025-11-10 08:26:52] ✅ Xem hóa đơn: Booking ID 15
[2025-11-10 08:27:03] ✅ Xem hóa đơn: Booking ID 15
[2025-11-10 08:27:23] SelectSeats (Fresh DB): showtime=10, paidBookings=1, bookedCount=0
[2025-11-10 08:27:30] ✅ Tạo Dat_Ve mới: ID=16, Trạng thái=Chưa thanh toán
[2025-11-10 08:27:31] ✅ Cập nhật Dat_Ve: ID=16, Tổng tiền=140080,00, Vé=2, Đồ ăn=0
[2025-11-10 08:27:34] ✅ Xem hóa đơn: Booking ID 16
[2025-11-10 08:29:44] ✅ Xem hóa đơn: Booking ID 16
[2025-11-10 08:31:32] ✅ Xem hóa đơn: Booking ID 16
[2025-11-10 08:32:58] ✅ Xem hóa đơn: Booking ID 16
[2025-11-10 08:33:22] ✅ Xem hóa đơn: Booking ID 16
[2025-11-10 08:34:15] ✅ Xem hóa đơn: Booking ID 16
[2025-11-10 08:34:32] ? BookingExpirationService stopped
[2025-11-10 08:34:34] ? BookingExpirationService started
[2025-11-10 08:34:35] ✅ Xem hóa đơn: Booking ID 16
[2025-11-10 08:34:36] ✅ Xem hóa đơn: Booking ID 16
[2025-11-10 08:34:36] ✅ Xem hóa đơn: Booking ID 16
[2025-11-10 08:34:39] ✅ Xem hóa đơn: Booking ID 16
[2025-11-10 08:34:44] ✅ Xem hóa đơn: Booking ID 16
[2025-11-10 08:35:13] ✅ Xem hóa đơn: Booking ID 16
[2025-11-10 08:36:05] ✅ Xem hóa đơn: Booking ID 16
[2025-11-10 08:37:03] ✅ Xem hóa đơn: Booking ID 16
[2025-11-10 08:37:18] ✅ Tạo URL thanh toán VNPAY thành công: https://sandbox.vnpayment.vn/paygate?vnp_Amount=14008000&vnp_Command=pay&vnp_CreateDate=20251110083718&vnp_CurrCode=VND&vnp_IpAddr=%3a%3a1&vnp_Locale=vn&vnp_OrderInfo=Thanh+to%c3%a1n+v%c3%a9+xem+phim+-+M%c3%a3+%c4%91%c6%a1n%3a+16&vnp_OrderType=billpayment&vnp_ReturnUrl=http%3a%2f%2flocalhost%3a1234%2fBooking%2fPaymentReturn&vnp_TmnCode=OOI636PL&vnp_TxnRef=202511100837188572&vnp_Version=2.1.0&vnp_SecureHash=2cff37185ed793c50716170a19826870ed10e9972094fb98fa6125d8e7322f9d2df0d4f81293f88af7332cc971deade39e4c35b1db7b7a32190cb4f7afdaa506
[2025-11-10 08:37:18] ✅ Khởi tạo thanh toán VNPAY: Booking ID 16, Amount 140080,00
[2025-11-10 08:38:34] ✅ Tạo URL thanh toán VNPAY thành công: https://sandbox.vnpayment.vn/paygate?vnp_Amount=14008000&vnp_Command=pay&vnp_CreateDate=20251110083834&vnp_CurrCode=VND&vnp_IpAddr=%3a%3a1&vnp_Locale=vn&vnp_OrderInfo=Thanh+to%c3%a1n+v%c3%a9+xem+phim+-+M%c3%a3+%c4%91%c6%a1n%3a+16&vnp_OrderType=billpayment&vnp_ReturnUrl=http%3a%2f%2flocalhost%3a1234%2fBooking%2fPaymentReturn&vnp_TmnCode=OOI636PL&vnp_TxnRef=202511100838348886&vnp_Version=2.1.0&vnp_SecureHash=afe989f6e10ee2cb79ea089648ea456ebc9e56c19461ddea86b2fa4a0161c397bd9ad659bd146d53880a846516afd9725124307deabc40579e95753a425bcdb0
[2025-11-10 08:38:34] ✅ Khởi tạo thanh toán VNPAY: Booking ID 16, Amount 140080,00
[2025-11-10 08:39:17] ? BookingExpirationService started
[2025-11-10 08:41:11] SelectSeats (Fresh DB): showtime=10, paidBookings=1, bookedCount=0
[2025-11-10 08:41:20] ✅ Tạo Dat_Ve mới: ID=17, Trạng thái=Chưa thanh toán
[2025-11-10 08:41:20] ✅ Cập nhật Dat_Ve: ID=17, Tổng tiền=140160,00, Vé=2, Đồ ăn=0
[2025-11-10 08:41:29] ✅ Xem hóa đơn: Booking ID 17
[2025-11-10 08:41:33] ✅ Tạo URL thanh toán VNPAY thành công: https://sandbox.vnpayment.vn/paymentv2/vpcpay.html?vnp_Amount=14016000&vnp_Command=pay&vnp_CreateDate=20251110084133&vnp_CurrCode=VND&vnp_IpAddr=%3a%3a1&vnp_Locale=vn&vnp_OrderInfo=Thanh+to%c3%a1n+v%c3%a9+xem+phim+-+M%c3%a3+%c4%91%c6%a1n%3a+17&vnp_OrderType=billpayment&vnp_ReturnUrl=http%3a%2f%2flocalhost%3a1234%2fBooking%2fPaymentReturn&vnp_TmnCode=OOI636PL&vnp_TxnRef=202511100841335612&vnp_Version=2.1.0&vnp_SecureHash=ed85d00f91e86f6257374250479376880acbf5925400500576007b7fe585485d3ca306b2506cf28f6a0b8c73d4cca90eb09f988c8a78bf73d1bc04a6032ee76c
[2025-11-10 08:41:33] ✅ Khởi tạo thanh toán VNPAY: Booking ID 17, Amount 140160,00
[2025-11-10 08:47:25] ✅ Xem hóa đơn: Booking ID 17
[2025-11-10 08:47:29] ✅ Tạo URL thanh toán VNPAY thành công: https://sandbox.vnpayment.vn/paymentv2/vpcpay.html?vnp_Amount=14016000&vnp_Command=pay&vnp_CreateDate=20251110084729&vnp_CurrCode=VND&vnp_IpAddr=%3a%3a1&vnp_Locale=vn&vnp_OrderInfo=Thanh+to%c3%a1n+v%c3%a9+xem+phim+-+M%c3%a3+%c4%91%c6%a1n%3a+17&vnp_OrderType=billpayment&vnp_ReturnUrl=http%3a%2f%2flocalhost%3a1234%2fBooking%2fPaymentReturn&vnp_TmnCode=OOI636PL&vnp_TxnRef=202511100847294774&vnp_Version=2.1.0&vnp_SecureHash=ecbb0488c9cc030b9e7a0cbba33453b52cf7d1e6ea0b7a22c7bbc354a81c11bc0014a3ea5a4be6bd7afd191ee3a7e19d6e518744a9b75db72a6d3700e5f04cb0
[2025-11-10 08:47:29] ✅ Khởi tạo thanh toán VNPAY: Booking ID 17, Amount 140160,00
[2025-11-10 08:49:10] ? BookingExpirationService started
[2025-11-10 08:49:21] SelectSeats (Fresh DB): showtime=10, paidBookings=1, bookedCount=0
[2025-11-10 08:49:32] ✅ Tạo Dat_Ve mới: ID=18, Trạng thái=Chưa thanh toán
[2025-11-10 08:49:32] ✅ Cập nhật Dat_Ve: ID=18, Tổng tiền=168120,00, Vé=2, Đồ ăn=0
[2025-11-10 08:49:35] ✅ Xem hóa đơn: Booking ID 18
[2025-11-10 08:49:55] ✅ Tạo URL thanh toán VNPAY thành công:  https://sandbox.vnpayment.vn/paymentv2/vpcpay.html?vnp_Amount=16812000&vnp_Command=pay&vnp_CreateDate=20251110084955&vnp_CurrCode=VND&vnp_IpAddr=%3a%3a1&vnp_Locale=vn&vnp_OrderInfo=Thanh+to%c3%a1n+v%c3%a9+xem+phim+-+M%c3%a3+%c4%91%c6%a1n%3a+18&vnp_OrderType=billpayment&vnp_ReturnUrl=http%3a%2f%2flocalhost%3a44300%2fInvoice%2fPaymentCallback&vnp_TmnCode=OOI636PL&vnp_TxnRef=202511100849554224&vnp_Version=2.1.0&vnp_SecureHash=6127b60b272adcf33e417d080d71d54580617695da429445760ed9e9c4e9220ad8596b53ae7f6301681a7bac6e86da6e297e43326e580658dc03b9177ba1e90a
[2025-11-10 08:49:55] ✅ Khởi tạo thanh toán VNPAY: Booking ID 18, Amount 168120,00
[2025-11-10 08:51:06] ✅ Tạo URL thanh toán VNPAY thành công:  https://sandbox.vnpayment.vn/paymentv2/vpcpay.html?vnp_Amount=16812000&vnp_Command=pay&vnp_CreateDate=20251110085106&vnp_CurrCode=VND&vnp_IpAddr=%3a%3a1&vnp_Locale=vn&vnp_OrderInfo=Thanh+to%c3%a1n+v%c3%a9+xem+phim+-+M%c3%a3+%c4%91%c6%a1n%3a+18&vnp_OrderType=billpayment&vnp_ReturnUrl=http%3a%2f%2flocalhost%3a44300%2fInvoice%2fPaymentCallback&vnp_TmnCode=OOI636PL&vnp_TxnRef=202511100851068728&vnp_Version=2.1.0&vnp_SecureHash=fde7b64c60f7880b762e098521056f3ee3dbe86cbdd17190dff8f5c415d9c5153d5bd41b145732bc656fd8e3b73d513a5f50618c67f5ff77a4744d46134a404c
[2025-11-10 08:51:06] ✅ Khởi tạo thanh toán VNPAY: Booking ID 18, Amount 168120,00
[2025-11-10 08:51:53] ✅ Tạo URL thanh toán VNPAY thành công:  https://sandbox.vnpayment.vn/paymentv2/vpcpay.html?vnp_Amount=16812000&vnp_Command=pay&vnp_CreateDate=20251110085153&vnp_CurrCode=VND&vnp_IpAddr=%3a%3a1&vnp_Locale=vn&vnp_OrderInfo=Thanh+to%c3%a1n+v%c3%a9+xem+phim+-+M%c3%a3+%c4%91%c6%a1n%3a+18&vnp_OrderType=billpayment&vnp_ReturnUrl=http%3a%2f%2flocalhost%3a44300%2fInvoice%2fPaymentCallback&vnp_TmnCode=OOI636PL&vnp_TxnRef=202511100851539136&vnp_Version=2.1.0&vnp_SecureHash=1034b48e18c534ebe9c3ab4e284d12f6923494be1aef83f8427c59b77468db109b55a88ff47e49f3871d97415d4087b20e5cbd7683258a94e5eead32f972d838
[2025-11-10 08:51:53] ✅ Khởi tạo thanh toán VNPAY: Booking ID 18, Amount 168120,00
[2025-11-10 08:52:24] ? BookingExpirationService started
[2025-11-10 08:52:36] SelectSeats (Fresh DB): showtime=10, paidBookings=1, bookedCount=0
[2025-11-10 08:52:43] ✅ Tạo Dat_Ve mới: ID=19, Trạng thái=Chưa thanh toán
[2025-11-10 08:52:43] ✅ Cập nhật Dat_Ve: ID=19, Tổng tiền=168160,00, Vé=2, Đồ ăn=0
[2025-11-10 08:52:48] ✅ Xem hóa đơn: Booking ID 19
[2025-11-10 08:52:51] ✅ Tạo URL thanh toán VNPAY thành công: https://sandbox.vnpayment.vn/paygate?vnp_Amount=16816000&vnp_Command=pay&vnp_CreateDate=20251110085251&vnp_CurrCode=VND&vnp_IpAddr=%3a%3a1&vnp_Locale=vn&vnp_OrderInfo=Thanh+to%c3%a1n+v%c3%a9+xem+phim+-+M%c3%a3+%c4%91%c6%a1n%3a+19&vnp_OrderType=billpayment&vnp_ReturnUrl=http%3a%2f%2flocalhost%3a44300%2fInvoice%2fPaymentCallback&vnp_TmnCode=OOI636PL&vnp_TxnRef=202511100852516621&vnp_Version=2.1.0&vnp_SecureHash=fbd77e9e1bf01d96fbe8854e040aa160723eb73e284e0585c6fa026fdfc5042049934b99e815489beddcdb031b43301e7a7f5e60be80eeeb39d6c58e9b7162f9
[2025-11-10 08:52:51] ✅ Khởi tạo thanh toán VNPAY: Booking ID 19, Amount 168160,00
[2025-11-10 08:56:42] ? BookingExpirationService started
[2025-11-10 08:56:51] SelectSeats (Fresh DB): showtime=10, paidBookings=1, bookedCount=0
[2025-11-10 08:56:59] ✅ Tạo Dat_Ve mới: ID=20, Trạng thái=Chưa thanh toán
[2025-11-10 08:56:59] ✅ Cập nhật Dat_Ve: ID=20, Tổng tiền=168080,00, Vé=2, Đồ ăn=0
[2025-11-10 08:57:03] ✅ Xem hóa đơn: Booking ID 20
[2025-11-10 08:57:07] ✅ Tạo URL thanh toán VNPAY thành công: https://sandbox.vnpayment.vn/paymentv2/vpcpay.html?vnp_Amount=16808000&vnp_Command=pay&vnp_CreateDate=20251110085707&vnp_CurrCode=VND&vnp_IpAddr=%3a%3a1&vnp_Locale=vn&vnp_OrderInfo=Thanh+to%c3%a1n+v%c3%a9+xem+phim+-+M%c3%a3+%c4%91%c6%a1n%3a+20&vnp_OrderType=billpayment&vnp_ReturnUrl=http%3a%2f%2flocalhost%3a44300%2fInvoice%2fPaymentCallback&vnp_TmnCode=OOI636PL&vnp_TxnRef=202511100857071846&vnp_Version=2.1.0&vnp_SecureHash=253743708c61d632ce06ca6e4a60ec127615da230a9dcfcef38c78081661b3b85222f1c364c138869bfd2ced227772cef11dd540e3dd1d198f64d57b989fb183
[2025-11-10 08:57:07] ✅ Khởi tạo thanh toán VNPAY: Booking ID 20, Amount 168080,00
[2025-11-10 08:58:56] ? BookingExpirationService started
[2025-11-10 08:59:03] SelectSeats (Fresh DB): showtime=10, paidBookings=1, bookedCount=0
[2025-11-10 08:59:09] ✅ Tạo Dat_Ve mới: ID=21, Trạng thái=Chưa thanh toán
[2025-11-10 08:59:10] ✅ Cập nhật Dat_Ve: ID=21, Tổng tiền=140080,00, Vé=2, Đồ ăn=0
[2025-11-10 08:59:13] ✅ Xem hóa đơn: Booking ID 21
[2025-11-10 08:59:17] ✅ Tạo URL thanh toán VNPAY thành công: https://sandbox.vnpayment.vn/paygate?vnp_Amount=14008000&vnp_Command=pay&vnp_CreateDate=20251110085917&vnp_CurrCode=VND&vnp_IpAddr=%3a%3a1&vnp_Locale=vn&vnp_OrderInfo=Thanh+to%c3%a1n+v%c3%a9+xem+phim+-+M%c3%a3+%c4%91%c6%a1n%3a+21&vnp_OrderType=billpayment&vnp_ReturnUrl=http%3a%2f%2flocalhost%3a44300%2fInvoice%2fPaymentCallback&vnp_TmnCode=OOI636PL&vnp_TxnRef=202511100859179919&vnp_Version=2.1.0&vnp_SecureHash=e1610e7c8874baa54bf672eb951b038922768c3f7247705fbafd5a516e150d2fa2598204c5aea31267bce51ab3e817cb671c96cd17b82e0b70e5a32d658bf7fd
[2025-11-10 08:59:17] ✅ Khởi tạo thanh toán VNPAY: Booking ID 21, Amount 140080,00
[2025-11-10 09:05:54] ? BookingExpirationService started
[2025-11-10 09:06:03] SelectSeats (Fresh DB): showtime=10, paidBookings=1, bookedCount=0
[2025-11-10 09:06:09] ✅ Tạo Dat_Ve mới: ID=22, Trạng thái=Chưa thanh toán
[2025-11-10 09:06:09] ✅ Cập nhật Dat_Ve: ID=22, Tổng tiền=168120,00, Vé=2, Đồ ăn=0
[2025-11-10 09:06:13] ✅ Xem hóa đơn: Booking ID 22
[2025-11-10 09:06:21] ✅ Tạo URL thanh toán VNPAY thành công: https://sandbox.vnpayment.vn/paymentv2/vpcpay.html?vnp_Amount=16812000&vnp_Command=pay&vnp_CreateDate=20251110090621&vnp_CurrCode=VND&vnp_IpAddr=%3a%3a1&vnp_Locale=vn&vnp_OrderInfo=Thanh+to%c3%a1n+v%c3%a9+xem+phim+-+M%c3%a3+%c4%91%c6%a1n%3a+22&vnp_OrderType=billpayment&vnp_ReturnUrl=http%3a%2f%2flocalhost%3a44300%2fInvoice%2fPaymentCallback&vnp_TmnCode=OOI636PL&vnp_TxnRef=202511100906216333&vnp_Version=2.1.0&vnp_SecureHash=5c855ba0bdb6ff7078ccad3022da20b08e9902295017c8fe6ef3053dcdbdad23dfcc2c9ec580288ffca1d769e4cdc29aee3f732887895f62b45c191c21110abb
[2025-11-10 09:06:21] ✅ Khởi tạo thanh toán VNPAY: Booking ID 22, Amount 168120,00
[2025-11-10 09:11:12] ? BookingExpirationService started
[2025-11-10 09:12:59] SelectSeats (Fresh DB): showtime=10, paidBookings=1, bookedCount=0
[2025-11-10 09:13:05] ✅ Tạo Dat_Ve mới: ID=23, Trạng thái=Chưa thanh toán
[2025-11-10 09:13:05] ✅ Cập nhật Dat_Ve: ID=23, Tổng tiền=140040,00, Vé=2, Đồ ăn=0
[2025-11-10 09:13:07] ✅ Xem hóa đơn: Booking ID 23
[2025-11-10 09:13:13] ✅ Tạo URL thanh toán VNPAY thành công: https://sandbox.vnpayment.vn/paymentv2/vpcpay.html?vnp_Amount=14004000&vnp_Command=pay&vnp_CreateDate=20251110091313&vnp_CurrCode=VND&vnp_IpAddr=%3a%3a1&vnp_Locale=vn&vnp_OrderInfo=Thanh+to%c3%a1n+v%c3%a9+xem+phim+-+M%c3%a3+%c4%91%c6%a1n%3a+23&vnp_OrderType=billpayment&vnp_ReturnUrl=http%3a%2f%2flocalhost%3a44300%2fInvoice%2fPaymentCallback&vnp_TmnCode=OOI636PL&vnp_TxnRef=202511100913135984&vnp_Version=2.1.0&vnp_SecureHash=82e7a75f716bcc648f4c71b69e9f653a508e78d476d840f97f14cf27179ed5a3749d12fc2bba7385d77386edd3bc4b7121c87ac228d111d88efe754b7758cc9c
[2025-11-10 09:13:13] ✅ Khởi tạo thanh toán VNPAY: Booking ID 23, Amount 140040,00
[2025-11-10 09:49:32] ? BookingExpirationService started
[2025-11-10 09:59:06] SelectSeats (Fresh DB): showtime=10, paidBookings=1, bookedCount=0
[2025-11-10 09:59:13] ✅ Tạo Dat_Ve mới: ID=24, Trạng thái=Chưa thanh toán
[2025-11-10 09:59:13] ✅ Cập nhật Dat_Ve: ID=24, Tổng tiền=140040,00, Vé=2, Đồ ăn=0
[2025-11-10 09:59:16] ✅ Xem hóa đơn: Booking ID 24
[2025-11-10 09:59:19] ✅ Tạo URL thanh toán VNPAY thành công: https://sandbox.vnpayment.vn/paymentv2/vpcpay.html?vnp_Amount=14004000&vnp_Command=pay&vnp_CreateDate=20251110095919&vnp_CurrCode=VND&vnp_IpAddr=%3a%3a1&vnp_IpnUrl=http%3a%2f%2flocalhost%3a44300%2fInvoice%2fPaymentCallback&vnp_Locale=vn&vnp_OrderInfo=Thanh%20to%c3%a1n%20v%c3%a9%20xem%20phim%20-%20M%c3%a3%20%c4%91%c6%a1n%3a%2024&vnp_OrderType=billpayment&vnp_ReturnUrl=http%3a%2f%2flocalhost%3a44300%2fInvoice%2fPaymentCallback&vnp_TmnCode=OOI636PL&vnp_TxnRef=202511100959196526&vnp_Version=2.1.0&vnp_SecureHash=c5a469342e80167d436ffda09709e222ad6d5c13078c359d444bda75c696308fb48f7324b18fa2161bd64d177adce5f4abd4de2d63f03aabc530f854cfe359cc
[2025-11-10 09:59:19] ✅ Khởi tạo thanh toán VNPAY: Booking ID 24, Amount 140040,00
[2025-11-10 10:05:38] ? BookingExpirationService started
[2025-11-10 10:06:32] SelectSeats (Fresh DB): showtime=10, paidBookings=1, bookedCount=0
[2025-11-10 10:06:39] ✅ Tạo Dat_Ve mới: ID=25, Trạng thái=Chưa thanh toán
[2025-11-10 10:06:39] ✅ Cập nhật Dat_Ve: ID=25, Tổng tiền=140080,00, Vé=2, Đồ ăn=0
[2025-11-10 10:06:42] ✅ Xem hóa đơn: Booking ID 25
[2025-11-10 10:06:45] ✅ URL Thanh Toán: https://sandbox.vnpayment.vn/paymentv2/vpcpay.html?vnp_Amount=14008000&vnp_Command=pay&vnp_CreateDate=20251110100645&vnp_CurrCode=VND&vnp_IpAddr=127.0.0.1&vnp_IpnUrl=http%3a%2f%2flocalhost%3a44300%2fInvoice%2fPaymentIpn&vnp_Locale=vn&vnp_OrderInfo=Thanh%20to%c3%a1n%20v%c3%a9%20xem%20phim%20-%20M%c3%a3%20%c4%91%c6%a1n%3a%2025&vnp_OrderType=billpayment&vnp_ReturnUrl=http%3a%2f%2flocalhost%3a44300%2fInvoice%2fPaymentCallback&vnp_TmnCode=OOI636PL&vnp_TxnRef=20251110100645829&vnp_Version=2.1.0&vnp_SecureHash=78c97e5ccc40027c05b0af68bec937fbbdf095a03927610a702012d14bee579c289b774e534c1095b9a921940bfe7922144470711fc44cc82aca1986ff72ac05
[2025-11-10 10:06:45] ✅ Khởi tạo thanh toán VNPAY: Booking ID 25, Amount 140080,00
[2025-11-10 10:18:13] ? BookingExpirationService started
[2025-11-10 10:18:56] SelectSeats (Fresh DB): showtime=10, paidBookings=1, bookedCount=0
[2025-11-10 10:19:05] ✅ Tạo Dat_Ve mới: ID=26, Trạng thái=Chưa thanh toán
[2025-11-10 10:19:05] ✅ Cập nhật Dat_Ve: ID=26, Tổng tiền=168040,00, Vé=2, Đồ ăn=0
[2025-11-10 10:19:10] ✅ Xem hóa đơn: Booking ID 26
[2025-11-10 10:19:13] ✅ Tạo URL Thanh Toán VNPay:
[2025-11-10 10:19:13]    - TMN Code: OOI636PL
[2025-11-10 10:19:13]    - Số tiền: 168040,00 VND
[2025-11-10 10:19:13]    - Thông tin: Thanh toán vé xem phim - Mã đơn: 26
[2025-11-10 10:19:13]    - Data to hash: vnp_Amount=16804000&vnp_Command=pay&vnp_CreateDate=20251110101913&vnp_CurrCode=VND&vnp_ExpireDate=20251110103413&vnp_IpAddr=127.0.0.1&vnp_IpnUrl=http%3A%2F%2Flocalhost%3A44300%2FInvoice%2FPaymentIpn&vnp_Locale=vn&vnp_OrderInfo=Thanh%20to%C3%A1n%20v%C3%A9%20xem%20phim%20-%20M%C3%A3%20%C4%91%C6%A1n%3A%2026&vnp_OrderType=billpayment&vnp_ReturnUrl=http%3A%2F%2Flocalhost%3A44300%2FInvoice%2FPaymentCallback&vnp_TmnCode=OOI636PL&vnp_TxnRef=638983667533927193&vnp_Version=2.1.0
[2025-11-10 10:19:13]    - Hash: f3f9a1443e6cf8bdf4134d73abcc59264a723976df29e7f4f4d3f723a2cefdc2e12030a81a28f680ad66ff7f7239e925d6fd4da61d6e571ac6c4426f8abbc799
[2025-11-10 10:19:13] ✅ Khởi tạo thanh toán VNPAY: Booking ID 26, Amount 168040,00
[2025-11-10 10:44:25] ? BookingExpirationService started
[2025-11-10 10:45:46] SelectSeats (Fresh DB): showtime=10, paidBookings=1, bookedCount=0
[2025-11-10 10:45:50] ✅ Tạo Dat_Ve mới: ID=27, Trạng thái=Chưa thanh toán
[2025-11-10 10:45:50] ✅ Cập nhật Dat_Ve: ID=27, Tổng tiền=140000,00, Vé=2, Đồ ăn=0
[2025-11-10 10:45:53] ✅ Xem hóa đơn: Booking ID 27
[2025-11-10 10:45:55] ✅ Tạo URL Thanh Toán VNPay:
[2025-11-10 10:45:55]    - TMN Code: OOI636PL
[2025-11-10 10:45:55]    - Số tiền: 140000,00 VND
[2025-11-10 10:45:55]    - Thông tin: Thanh toán vé xem phim - Mã đơn: 27
[2025-11-10 10:45:55]    - Data to hash: vnp_Amount=14000000&vnp_Command=pay&vnp_CreateDate=20251110104555&vnp_CurrCode=VND&vnp_ExpireDate=20251110110055&vnp_IpAddr=127.0.0.1&vnp_IpnUrl=http%3A%2F%2Flocalhost%3A44300%2FInvoice%2FPaymentIpn&vnp_Locale=vn&vnp_OrderInfo=Thanh%20to%C3%A1n%20v%C3%A9%20xem%20phim%20-%20M%C3%A3%20%C4%91%C6%A1n%3A%2027&vnp_OrderType=billpayment&vnp_ReturnUrl=http%3A%2F%2Flocalhost%3A44300%2FInvoice%2FPaymentCallback&vnp_TmnCode=OOI636PL&vnp_TxnRef=638983683559051410&vnp_Version=2.1.0
[2025-11-10 10:45:55]    - Hash: 5e5f39c724ccc6fd01a49588bf81666cfc5d21a3d83c5579a3dcbec4ed32cc19491fe28422a3105a7e627d5bcc78b75795a50470f89a4aa494cbfe1ee32e943d
[2025-11-10 10:45:55] ✅ Khởi tạo thanh toán VNPAY: Booking ID 27, Amount 140000,00
[2025-11-10 11:02:51] ? BookingExpirationService started
[2025-11-10 11:03:14] SelectSeats (Fresh DB): showtime=10, paidBookings=1, bookedCount=0
[2025-11-10 11:03:20] ✅ Tạo Dat_Ve mới: ID=28, Trạng thái=Chưa thanh toán
[2025-11-10 11:03:20] ✅ Cập nhật Dat_Ve: ID=28, Tổng tiền=140000,00, Vé=2, Đồ ăn=0
[2025-11-10 11:03:23] ✅ Xem hóa đơn: Booking ID 28
[2025-11-10 11:03:25] ✅ Tạo URL Thanh Toán VNPay:
[2025-11-10 11:03:25]    - TMN Code: OOI636PL
[2025-11-10 11:03:25]    - Số tiền: 140000,00 VND
[2025-11-10 11:03:25]    - Thông tin: Thanh toán vé xem phim - Mã đơn: 28
[2025-11-10 11:03:25]    - Data to hash: vnp_Amount=14000000&vnp_Command=pay&vnp_CreateDate=20251110110325&vnp_CurrCode=VND&vnp_ExpireDate=20251110111825&vnp_IpAddr=127.0.0.1&vnp_IpnUrl=http%3A%2F%2Flocalhost%3A44300%2FInvoice%2FPaymentIpn&vnp_Locale=vn&vnp_OrderInfo=Thanh%20to%C3%A1n%20v%C3%A9%20xem%20phim%20-%20M%C3%A3%20%C4%91%C6%A1n%3A%2028&vnp_OrderType=billpayment&vnp_ReturnUrl=http%3A%2F%2Flocalhost%3A44300%2FInvoice%2FPaymentCallback&vnp_TmnCode=OOI636PL&vnp_TxnRef=638983694059874953&vnp_Version=2.1.0
[2025-11-10 11:03:26]    - Hash: bb70621937b65b0c0b04610754d9bacc03b009bba324285588df647f68cd1436907975515883f008e48c8e18ad696d2e78122720ff6ea7ad035a66c0cffcfb3e
[2025-11-10 11:03:26] ✅ Khởi tạo thanh toán VNPAY: Booking ID 28, Amount 140000,00
[2025-11-10 11:19:53] ? BookingExpirationService started
[2025-11-10 11:21:58] SelectSeats (Fresh DB): showtime=10, paidBookings=1, bookedCount=0
[2025-11-10 11:22:04] ✅ Tạo Dat_Ve mới: ID=29, Trạng thái=Chưa thanh toán
[2025-11-10 11:22:05] ✅ Cập nhật Dat_Ve: ID=29, Tổng tiền=140040,00, Vé=2, Đồ ăn=0
[2025-11-10 11:22:09] ✅ Xem hóa đơn: Booking ID 29
[2025-11-10 11:22:13] ✅ Tạo URL Thanh Toán VNPay:
[2025-11-10 11:22:13]    - TMN Code: OOI636PL
[2025-11-10 11:22:13]    - Số tiền: 140040,00 VND
[2025-11-10 11:22:13]    - Thông tin: Thanh toán vé xem phim - Mã đơn: 29
[2025-11-10 11:22:13]    - Data to hash: vnp_Amount=14004000&vnp_Command=pay&vnp_CreateDate=20251110112213&vnp_CurrCode=VND&vnp_ExpireDate=20251110113713&vnp_IpAddr=127.0.0.1&vnp_IpnUrl=http%3A%2F%2Flocalhost%3A44300%2FInvoice%2FPaymentCallback&vnp_Locale=vn&vnp_OrderInfo=Thanh%20to%C3%A1n%20v%C3%A9%20xem%20phim%20-%20M%C3%A3%20%C4%91%C6%A1n%3A%2029&vnp_OrderType=billpayment&vnp_ReturnUrl=http%3A%2F%2Flocalhost%3A44300%2FInvoice%2FPaymentCallback&vnp_TmnCode=OOI636PL&vnp_TxnRef=638983705335557418&vnp_Version=2.1.0
[2025-11-10 11:22:13]    - Hash: e8ed238d58a3dbc176a872b64f3e84ec93fdc0a210df6c191c53c98b216d135b211a9c8b9234d174d054e0293ef7f5f4a8d6758605b181b20a2964f46bf71151
[2025-11-10 11:22:13] ✅ Khởi tạo thanh toán VNPAY: Booking ID 29, Amount 140040,00
[2025-11-10 11:27:12] ? BookingExpirationService started
[2025-11-10 11:35:43] SelectSeats (Fresh DB): showtime=10, paidBookings=1, bookedCount=0
[2025-11-10 11:35:48] ✅ Tạo Dat_Ve mới: ID=30, Trạng thái=Chưa thanh toán
[2025-11-10 11:35:48] ✅ Cập nhật Dat_Ve: ID=30, Tổng tiền=140000,00, Vé=2, Đồ ăn=0
[2025-11-10 11:35:51] ✅ Xem hóa đơn: Booking ID 30
[2025-11-10 11:35:55] ✅ Tạo URL Thanh Toán VNPay:
[2025-11-10 11:35:55]    - TMN Code: OOI636PL
[2025-11-10 11:35:55]    - Số tiền: 140000,00 VND
[2025-11-10 11:35:55]    - Thông tin: Thanh toán vé xem phim - Mã đơn: 30
[2025-11-10 11:35:55]    - Data to hash: vnp_Amount=14000000&vnp_Command=pay&vnp_CreateDate=20251110113555&vnp_CurrCode=VND&vnp_ExpireDate=20251110115055&vnp_IpAddr=127.0.0.1&vnp_IpnUrl=http%3A%2F%2Flocalhost%3A44300%2FInvoice%2FPaymentCallback&vnp_Locale=vn&vnp_OrderInfo=Thanh%20to%C3%A1n%20v%C3%A9%20xem%20phim%20-%20M%C3%A3%20%C4%91%C6%A1n%3A%2030&vnp_OrderType=billpayment&vnp_ReturnUrl=http%3A%2F%2Flocalhost%3A44300%2FInvoice%2FPaymentCallback&vnp_TmnCode=OOI636PL&vnp_TxnRef=638983713552140186&vnp_Version=2.1.0
[2025-11-10 11:35:55]    - Hash: c44ab9c671a135317e529cb15f1e82f647157d5c9620b9a0e7a90446505848c395573302566c6b003840913d0bfdfdc26dd092590b6fa693839bf91f89adbba5
[2025-11-10 11:35:55] ✅ Khởi tạo thanh toán VNPAY: Booking ID 30, Amount 140000,00
[2025-11-10 13:44:20] ? BookingExpirationService started
[2025-11-10 13:44:30] SelectSeats (Fresh DB): showtime=10, paidBookings=1, bookedCount=0
[2025-11-10 13:44:37] ✅ Tạo Dat_Ve mới: ID=31, Trạng thái=Chưa thanh toán
[2025-11-10 13:44:37] ✅ Cập nhật Dat_Ve: ID=31, Tổng tiền=140040,00, Vé=2, Đồ ăn=0
[2025-11-10 13:44:41] ✅ Xem hóa đơn: Booking ID 31
[2025-11-10 13:44:45] ✅ Tạo URL Thanh Toán VNPay:
[2025-11-10 13:44:45]    - TMN Code: OOI636PL
[2025-11-10 13:44:45]    - Số tiền: 140040,00 VND
[2025-11-10 13:44:45]    - Thông tin: Thanh toán vé xem phim - Mã đơn: 31
[2025-11-10 13:44:45]    - Data to hash: vnp_Amount=14004000&vnp_Command=pay&vnp_CreateDate=20251110134445&vnp_CurrCode=VND&vnp_ExpireDate=20251110135945&vnp_IpAddr=127.0.0.1&vnp_IpnUrl=http%3A%2F%2Flocalhost%3A44300%2FInvoice%2FPaymentCallback&vnp_Locale=vn&vnp_OrderInfo=Thanh%20to%C3%A1n%20v%C3%A9%20xem%20phim%20-%20M%C3%A3%20%C4%91%C6%A1n%3A%2031&vnp_OrderType=billpayment&vnp_ReturnUrl=http%3A%2F%2Flocalhost%3A44300%2FInvoice%2FPaymentCallback&vnp_TmnCode=OOI636PL&vnp_TxnRef=638983790856782173&vnp_Version=2.1.0
[2025-11-10 13:44:45]    - Hash: d5d231c16c71025d71997deaa318480e2004c5a2728394231ec8de002655e667790efd8d2b68328f098d35939b744694c3872002312a8731d47bdb2e8eb017eb
[2025-11-10 13:44:45] ✅ Khởi tạo thanh toán VNPAY: Booking ID 31, Amount 140040,00
[2025-11-10 17:43:45] ? BookingExpirationService started
[2025-11-10 17:44:31] SelectSeats (Fresh DB): showtime=14, paidBookings=1, bookedCount=0
[2025-11-10 17:44:38] ✅ Tạo Dat_Ve mới: ID=32, Trạng thái=Chưa thanh toán
[2025-11-10 17:44:38] ✅ Cập nhật Dat_Ve: ID=32, Tổng tiền=180040,00, Vé=2, Đồ ăn=0
[2025-11-10 17:44:48] ✅ Xem hóa đơn: Booking ID 32
[2025-11-10 17:44:52] ✅ Tạo URL Thanh Toán VNPay:
[2025-11-10 17:44:52]    - TMN Code: OOI636PL
[2025-11-10 17:44:52]    - Số tiền: 180040,00 VND
[2025-11-10 17:44:52]    - Thông tin: Thanh toán vé xem phim - Mã đơn: 32
[2025-11-10 17:44:52]    - ReturnUrl: https://localhost:44300/Invoice/PaymentCallback
[2025-11-10 17:44:52]    - Data to hash: vnp_Amount=18004000&vnp_Command=pay&vnp_CreateDate=20251110174452&vnp_CurrCode=VND&vnp_ExpireDate=20251110175952&vnp_IpAddr=127.0.0.1&vnp_IpnUrl=https%3A%2F%2Flocalhost%3A44300%2FInvoice%2FPaymentCallback&vnp_Locale=vn&vnp_OrderInfo=Thanh%20to%C3%A1n%20v%C3%A9%20xem%20phim%20-%20M%C3%A3%20%C4%91%C6%A1n%3A%2032&vnp_OrderType=billpayment&vnp_ReturnUrl=https%3A%2F%2Flocalhost%3A44300%2FInvoice%2FPaymentCallback&vnp_TmnCode=OOI636PL&vnp_TxnRef=638983934922828520&vnp_Version=2.1.0
[2025-11-10 17:44:52]    - Hash: eb647455f5645ae8babcd8a20396bf533b11a67ee1e49e8ac8bb71136b1aa3c7dc723b0c366ec53a861783d62ff692ca532b2b3c315e1d5cbb89bf4cf3f90a18
[2025-11-10 17:44:52] ✅ Khởi tạo thanh toán VNPAY: Booking ID 32, Amount 180040,00
[2025-11-10 17:52:35] ? BookingExpirationService started
[2025-11-10 17:52:45] SelectSeats (Fresh DB): showtime=10, paidBookings=1, bookedCount=0
[2025-11-10 17:52:51] ✅ Tạo Dat_Ve mới: ID=33, Trạng thái=Chưa thanh toán
[2025-11-10 17:52:51] ✅ Cập nhật Dat_Ve: ID=33, Tổng tiền=140000,00, Vé=2, Đồ ăn=0
[2025-11-10 17:52:54] ✅ Xem hóa đơn: Booking ID 33
[2025-11-10 17:52:57] ✅ Tạo URL Thanh Toán VNPay:
[2025-11-10 17:52:57]    - TMN Code: OOI636PL
[2025-11-10 17:52:57]    - Số tiền: 140000,00 VND
[2025-11-10 17:52:57]    - Thông tin: Thanh toán vé xem phim - Mã đơn: 33
[2025-11-10 17:52:57]    - ReturnUrl: https://localhost:44300/Invoice/PaymentCallback
[2025-11-10 17:52:57]    - Data to hash: vnp_Amount=14000000&vnp_Command=pay&vnp_CreateDate=20251110175257&vnp_CurrCode=VND&vnp_ExpireDate=20251110180757&vnp_IpAddr=127.0.0.1&vnp_Locale=vn&vnp_OrderInfo=Thanh%20to%C3%A1n%20v%C3%A9%20xem%20phim%20-%20M%C3%A3%20%C4%91%C6%A1n%3A%2033&vnp_OrderType=billpayment&vnp_ReturnUrl=https%3A%2F%2Flocalhost%3A44300%2FInvoice%2FPaymentCallback&vnp_TmnCode=OOI636PL&vnp_TxnRef=638983939779569740&vnp_Version=2.1.0
[2025-11-10 17:52:57]    - Hash: 7002fe3e18a67964bbd5de3862d47b8e18dd8edfc779c84c38a69c80dbb49290ce9fac5be5a8e61e560a80c11a0e23425a3d1c8c6734b12b7c4af8911046776a
[2025-11-10 17:52:57] ✅ Khởi tạo thanh toán VNPAY: Booking ID 33, Amount 140000,00
[2025-11-10 17:57:58] ? BookingExpirationService started
[2025-11-10 17:58:15] SelectSeats (Fresh DB): showtime=10, paidBookings=1, bookedCount=0
[2025-11-10 17:58:23] ✅ Tạo Dat_Ve mới: ID=34, Trạng thái=Chưa thanh toán
[2025-11-10 17:58:23] ✅ Cập nhật Dat_Ve: ID=34, Tổng tiền=140040,00, Vé=2, Đồ ăn=0
[2025-11-10 17:58:26] ✅ Xem hóa đơn: Booking ID 34
[2025-11-10 17:58:31] ✅ Tạo URL Thanh Toán VNPay:
[2025-11-10 17:58:31]    - TMN Code: OOI636PL
[2025-11-10 17:58:31]    - Số tiền: 140040,00 VND
[2025-11-10 17:58:31]    - Thông tin: Thanh toán vé xem phim - Mã đơn: 34
[2025-11-10 17:58:31]    - ReturnUrl: https://localhost:44300/Invoice/PaymentCallback
[2025-11-10 17:58:31]    - Data to hash: vnp_Amount=14004000&vnp_Command=pay&vnp_CreateDate=20251110175831&vnp_CurrCode=VND&vnp_ExpireDate=20251110181331&vnp_IpAddr=127.0.0.1&vnp_Locale=vn&vnp_OrderInfo=Thanh%20to%C3%A1n%20v%C3%A9%20xem%20phim%20-%20M%C3%A3%20%C4%91%C6%A1n%3A%2034&vnp_OrderType=billpayment&vnp_ReturnUrl=https%3A%2F%2Flocalhost%3A44300%2FInvoice%2FPaymentCallback&vnp_TmnCode=OOI636PL&vnp_TxnRef=638983943116800803&vnp_Version=2.1.0
[2025-11-10 17:58:31]    - Hash: cda74fe79a1e57c35852ce24aa7f934ec34abf62cc2d44c22ba84bfa6c3a3c5d74754cdecff4f43dbe7fe20eb985944a8ab783e920efdb201ac8a334abd22a0b
[2025-11-10 17:58:31] ✅ Khởi tạo thanh toán VNPAY: Booking ID 34, Amount 140040,00
[2025-11-10 18:05:32] ? BookingExpirationService started
[2025-11-10 18:05:41] SelectSeats (Fresh DB): showtime=10, paidBookings=1, bookedCount=0
[2025-11-10 18:05:46] ✅ Tạo Dat_Ve mới: ID=35, Trạng thái=Chưa thanh toán
[2025-11-10 18:05:46] ✅ Cập nhật Dat_Ve: ID=35, Tổng tiền=140000,00, Vé=2, Đồ ăn=0
[2025-11-10 18:05:48] ✅ Xem hóa đơn: Booking ID 35
[2025-11-10 18:05:51] ✅ PaymentGateway Initialized:
[2025-11-10 18:05:51]    - VNPay URL: https://sandbox.vnpayment.vn/paymentv2/vpcpay.html
[2025-11-10 18:05:51]    - TMN Code: OOI636PL
[2025-11-10 18:05:51]    - Return URL: https://localhost:44300/Invoice/PaymentCallback
[2025-11-10 18:05:51] ✅ Tạo URL Thanh Toán VNPay:
[2025-11-10 18:05:51]    - TMN Code: OOI636PL
[2025-11-10 18:05:51]    - Số tiền: 140000,00 VND
[2025-11-10 18:05:51]    - Thông tin: Thanh toán vé xem phim - Mã đơn: 35
[2025-11-10 18:05:51]    - ReturnUrl: https://localhost:44300/Invoice/PaymentCallback
[2025-11-10 18:05:51]    - Data to hash: vnp_Amount=14000000&vnp_Command=pay&vnp_CreateDate=20251110180551&vnp_CurrCode=VND&vnp_ExpireDate=20251110182051&vnp_IpAddr=127.0.0.1&vnp_Locale=vn&vnp_OrderInfo=Thanh%20to%C3%A1n%20v%C3%A9%20xem%20phim%20-%20M%C3%A3%20%C4%91%C6%A1n%3A%2035&vnp_OrderType=billpayment&vnp_ReturnUrl=https%3A%2F%2Flocalhost%3A44300%2FInvoice%2FPaymentCallback&vnp_TmnCode=OOI636PL&vnp_TxnRef=638983947517315175&vnp_Version=2.1.0
[2025-11-10 18:05:51]    - Hash: 65fd48cd96bdd7488984d48b7b6cde27321d33544ef3d1450b9c7d3a4dd2a912db2ffc231304d6bb1e59b91bd8e7b0e9b5b46f1ab0ba41af9ac22c63e1d9d046
[2025-11-10 18:05:51] ✅ Khởi tạo thanh toán VNPAY: Booking ID 35, Amount 140000,00
[2025-11-10 18:06:18] ? BookingExpirationService stopped
[2025-11-10 18:09:27] ? BookingExpirationService started
[2025-11-10 18:09:37] SelectSeats (Fresh DB): showtime=7, paidBookings=1, bookedCount=0
[2025-11-10 18:09:42] ✅ Tạo Dat_Ve mới: ID=36, Trạng thái=Chưa thanh toán
[2025-11-10 18:09:42] ✅ Cập nhật Dat_Ve: ID=36, Tổng tiền=180000,00, Vé=2, Đồ ăn=0
[2025-11-10 18:09:45] ✅ Xem hóa đơn: Booking ID 36
[2025-11-10 18:09:48] ✅ PaymentGateway Initialized:
[2025-11-10 18:09:48]    - VNPay URL: https://sandbox.vnpayment.vn/paymentv2/vpcpay.html
[2025-11-10 18:09:48]    - TMN Code: OOI636PL
[2025-11-10 18:09:48]    - Return URL: https://localhost:5172/Invoice/PaymentCallback
[2025-11-10 18:09:48] ✅ Tạo URL Thanh Toán VNPay:
[2025-11-10 18:09:48]    - TMN Code: OOI636PL
[2025-11-10 18:09:48]    - Số tiền: 180000,00 VND
[2025-11-10 18:09:48]    - Thông tin: Thanh toán vé xem phim - Mã đơn: 36
[2025-11-10 18:09:48]    - ReturnUrl: https://localhost:5172/Invoice/PaymentCallback
[2025-11-10 18:09:48]    - Data to hash: vnp_Amount=18000000&vnp_Command=pay&vnp_CreateDate=20251110180948&vnp_CurrCode=VND&vnp_ExpireDate=20251110182448&vnp_IpAddr=127.0.0.1&vnp_Locale=vn&vnp_OrderInfo=Thanh%20to%C3%A1n%20v%C3%A9%20xem%20phim%20-%20M%C3%A3%20%C4%91%C6%A1n%3A%2036&vnp_OrderType=billpayment&vnp_ReturnUrl=https%3A%2F%2Flocalhost%3A5172%2FInvoice%2FPaymentCallback&vnp_TmnCode=OOI636PL&vnp_TxnRef=638983949886793003&vnp_Version=2.1.0
[2025-11-10 18:09:48]    - Hash: c5c89aff26d9c1cdf883488c7672e92a3d709591d12da3988038fe7ddf6eb0c1f963651627940586b73c88190580ea5a84666c5365b9a49c87009deb86674645
[2025-11-10 18:09:48] ✅ Khởi tạo thanh toán VNPAY: Booking ID 36, Amount 180000,00
[2025-11-10 18:11:07] === PaymentCallback - URL: https://localhost:44300/Invoice/PaymentCallback
[2025-11-10 18:11:07] === Query String: 
[2025-11-10 18:11:07] ✅ PaymentGateway Initialized:
[2025-11-10 18:11:07]    - VNPay URL: https://sandbox.vnpayment.vn/paymentv2/vpcpay.html
[2025-11-10 18:11:07]    - TMN Code: OOI636PL
[2025-11-10 18:11:07]    - Return URL: https://localhost:5172/Invoice/PaymentCallback
[2025-11-10 18:11:07] VerifyPayment: Bắt đầu xác minh - Nhận 0 tham số
[2025-11-10 18:11:07] ✅ FULL RESPONSE DATA:
[2025-11-10 18:11:07] ❌ Thiếu chữ ký vnp_SecureHash
[2025-11-10 18:11:07] PaymentCallback Result:
[2025-11-10 18:11:07]    IsValid: False
[2025-11-10 18:11:07]    Success: False
[2025-11-10 18:11:07]    ResponseCode: 
[2025-11-10 18:11:07]    Message: Thiếu chữ ký vnp_SecureHash
[2025-11-10 18:11:07] ❌ Chữ ký thanh toán không hợp lệ!
[2025-11-10 18:11:07] ⚠️ Hiển thị trang thanh toán thất bại: Thiếu chữ ký vnp_SecureHash
[2025-11-10 18:12:24] ? BookingExpirationService stopped
[2025-11-10 18:12:41] ? BookingExpirationService started
[2025-11-10 18:12:41] ⚠️ Hiển thị trang thanh toán thất bại: Thiếu chữ ký vnp_SecureHash
[2025-11-10 18:14:35] ? BookingExpirationService started
[2025-11-10 18:14:44] SelectSeats (Fresh DB): showtime=10, paidBookings=1, bookedCount=0
[2025-11-10 18:14:49] ✅ Tạo Dat_Ve mới: ID=37, Trạng thái=Chưa thanh toán
[2025-11-10 18:14:49] ✅ Cập nhật Dat_Ve: ID=37, Tổng tiền=140000,00, Vé=2, Đồ ăn=0
[2025-11-10 18:14:53] ✅ Xem hóa đơn: Booking ID 37
[2025-11-10 18:15:00] ✅ PaymentGateway Initialized:
[2025-11-10 18:15:00]    - VNPay URL: https://sandbox.vnpayment.vn/paymentv2/vpcpay.html
[2025-11-10 18:15:00]    - TMN Code: OOI636PL
[2025-11-10 18:15:00]    - Return URL: https://localhost:44300/Invoice/PaymentCallback
[2025-11-10 18:15:00] ✅ Tạo URL Thanh Toán VNPay:
[2025-11-10 18:15:00]    - TMN Code: OOI636PL
[2025-11-10 18:15:00]    - Số tiền: 140000,00 VND
[2025-11-10 18:15:00]    - Thông tin: Thanh toán vé xem phim - Mã đơn: 37
[2025-11-10 18:15:00]    - ReturnUrl: https://localhost:44300/Invoice/PaymentCallback
[2025-11-10 18:15:00]    - Data to hash: vnp_Amount=14000000&vnp_Command=pay&vnp_CreateDate=20251110181500&vnp_CurrCode=VND&vnp_ExpireDate=20251110183000&vnp_IpAddr=127.0.0.1&vnp_Locale=vn&vnp_OrderInfo=Thanh%20to%C3%A1n%20v%C3%A9%20xem%20phim%20-%20M%C3%A3%20%C4%91%C6%A1n%3A%2037&vnp_OrderType=billpayment&vnp_ReturnUrl=https%3A%2F%2Flocalhost%3A44300%2FInvoice%2FPaymentCallback&vnp_TmnCode=OOI636PL&vnp_TxnRef=638983953003801269&vnp_Version=2.1.0
[2025-11-10 18:15:00]    - Hash: 04cc5135c3eb0ca86ed5a0cb13a882869a679c8005ea13185bcd2d910328f2332a72acfad36ae40a68cbaa33f530792361fb48d24c5353c7c899bff9b7155045
[2025-11-10 18:15:00] ✅ Khởi tạo thanh toán VNPAY: Booking ID 37, Amount 140000,00
[2025-11-10 18:15:16] === PaymentCallback - URL: https://localhost:44300/Invoice/PaymentCallback
[2025-11-10 18:15:16] === Query String: 
[2025-11-10 18:15:16] ✅ PaymentGateway Initialized:
[2025-11-10 18:15:16]    - VNPay URL: https://sandbox.vnpayment.vn/paymentv2/vpcpay.html
[2025-11-10 18:15:16]    - TMN Code: OOI636PL
[2025-11-10 18:15:16]    - Return URL: https://localhost:44300/Invoice/PaymentCallback
[2025-11-10 18:15:16] VerifyPayment: Bắt đầu xác minh - Nhận 0 tham số
[2025-11-10 18:15:16] ✅ FULL RESPONSE DATA:
[2025-11-10 18:15:16] ❌ Thiếu chữ ký vnp_SecureHash
[2025-11-10 18:15:16] PaymentCallback Result:
[2025-11-10 18:15:16]    IsValid: False
[2025-11-10 18:15:16]    Success: False
[2025-11-10 18:15:16]    ResponseCode: 
[2025-11-10 18:15:16]    Message: Thiếu chữ ký vnp_SecureHash
[2025-11-10 18:15:16] ❌ Chữ ký thanh toán không hợp lệ!
[2025-11-10 18:15:16] ⚠️ Hiển thị trang thanh toán thất bại: Thiếu chữ ký vnp_SecureHash
[2025-11-10 18:21:00] ? BookingExpirationService started
[2025-11-10 18:21:14] SelectSeats (Fresh DB): showtime=10, paidBookings=1, bookedCount=0
[2025-11-10 18:21:21] ✅ Tạo Dat_Ve mới: ID=38, Trạng thái=Chưa thanh toán
[2025-11-10 18:21:21] ✅ Cập nhật Dat_Ve: ID=38, Tổng tiền=140040,00, Vé=2, Đồ ăn=0
[2025-11-10 18:21:24] ✅ Xem hóa đơn: Booking ID 38
[2025-11-10 18:21:28] ✅ PaymentGateway Initialized:
[2025-11-10 18:21:28]    - VNPay URL: https://sandbox.vnpayment.vn/paymentv2/vpcpay.html
[2025-11-10 18:21:28]    - TMN Code: OOI636PL
[2025-11-10 18:21:28]    - Return URL: https://localhost:44300/Invoice/PaymentCallback
[2025-11-10 18:21:28] ✅ Tạo URL Thanh Toán VNPay:
[2025-11-10 18:21:28]    - TMN Code: OOI636PL
[2025-11-10 18:21:28]    - Số tiền: 140040,00 VND
[2025-11-10 18:21:28]    - Thông tin: Thanh toán vé xem phim - Mã đơn: 38
[2025-11-10 18:21:28]    - ReturnUrl: https://localhost:44300/Invoice/PaymentCallback
[2025-11-10 18:21:28]    - Data to hash: vnp_Amount=14004000&vnp_Command=pay&vnp_CreateDate=20251110182128&vnp_CurrCode=VND&vnp_ExpireDate=20251110183628&vnp_IpAddr=127.0.0.1&vnp_Locale=vn&vnp_OrderInfo=Thanh%20to%C3%A1n%20v%C3%A9%20xem%20phim%20-%20M%C3%A3%20%C4%91%C6%A1n%3A%2038&vnp_OrderType=billpayment&vnp_ReturnUrl=https%3A%2F%2Flocalhost%3A44300%2FInvoice%2FPaymentCallback&vnp_TmnCode=OOI636PL&vnp_TxnRef=638983956881872536&vnp_Version=2.1.0
[2025-11-10 18:21:28]    - Hash: bcd81c1bdd41ddd032daad0d0f38a06fada3e937acf98fb0a2a4788c6c0867fc9bd004e6570c2e1d52985f3df8f51e434aede58dd3aa7be3bf119970e94461db
[2025-11-10 18:21:28] ✅ Khởi tạo thanh toán VNPAY: Booking ID 38, Amount 140040,00
[2025-11-10 18:23:12] === PaymentCallback - URL: https://localhost:44300/Invoice/PaymentCallback
[2025-11-10 18:23:12] === Query String: 
[2025-11-10 18:23:12] ⚠️ Không có vnp_SecureHash - Chế độ localhost (không xác minh chữ ký)
[2025-11-10 18:23:12] ✅ Localhost Mode: Giả lập response thành công
[2025-11-10 18:23:12] Extracted Booking ID: 0
[2025-11-10 18:23:12] ❌ Không thể trích xuất Booking ID từ: 
[2025-11-10 18:23:12] ⚠️ Hiển thị trang thanh toán thất bại: Không thể xác định đơn hàng
[2025-11-10 18:23:51] ⚠️ Hiển thị trang thanh toán thất bại: Không thể xác định đơn hàng
[2025-11-10 18:24:12] ⚠️ Hiển thị trang thanh toán thất bại: Không thể xác định đơn hàng
[2025-11-10 18:24:23] ⚠️ Hiển thị trang thanh toán thất bại: Không thể xác định đơn hàng
[2025-11-10 18:24:39] ⚠️ Hiển thị trang thanh toán thất bại: Không thể xác định đơn hàng
[2025-11-10 18:25:31] ⚠️ Hiển thị trang thanh toán thất bại: Không thể xác định đơn hàng
[2025-11-10 18:27:06] SelectSeats (Fresh DB): showtime=10, paidBookings=1, bookedCount=0
[2025-11-10 18:27:15] ✅ Tạo Dat_Ve mới: ID=39, Trạng thái=Chưa thanh toán
[2025-11-10 18:27:15] ✅ Cập nhật Dat_Ve: ID=39, Tổng tiền=140000,00, Vé=2, Đồ ăn=0
[2025-11-10 18:27:18] ✅ Xem hóa đơn: Booking ID 39
[2025-11-10 18:27:20] ✅ PaymentGateway Initialized:
[2025-11-10 18:27:20]    - VNPay URL: https://sandbox.vnpayment.vn/paymentv2/vpcpay.html
[2025-11-10 18:27:20]    - TMN Code: OOI636PL
[2025-11-10 18:27:20]    - Return URL: https://localhost:44300/Invoice/PaymentCallback
[2025-11-10 18:27:20] ✅ Tạo URL Thanh Toán VNPay:
[2025-11-10 18:27:20]    - TMN Code: OOI636PL
[2025-11-10 18:27:20]    - Số tiền: 140000,00 VND
[2025-11-10 18:27:20]    - Thông tin: Thanh toán vé xem phim - Mã đơn: 39
[2025-11-10 18:27:20]    - ReturnUrl: https://localhost:44300/Invoice/PaymentCallback
[2025-11-10 18:27:20]    - Data to hash: vnp_Amount=14000000&vnp_Command=pay&vnp_CreateDate=20251110182720&vnp_CurrCode=VND&vnp_ExpireDate=20251110184220&vnp_IpAddr=127.0.0.1&vnp_Locale=vn&vnp_OrderInfo=Thanh%20to%C3%A1n%20v%C3%A9%20xem%20phim%20-%20M%C3%A3%20%C4%91%C6%A1n%3A%2039&vnp_OrderType=billpayment&vnp_ReturnUrl=https%3A%2F%2Flocalhost%3A44300%2FInvoice%2FPaymentCallback&vnp_TmnCode=OOI636PL&vnp_TxnRef=638983960409050614&vnp_Version=2.1.0
[2025-11-10 18:27:20]    - Hash: 9127206da1180c92473377c9e97fe94c96b86079cbb97d3ccf4a2049da1e518fa7d76cbc7fd18138b41cb1f13bde858185f144364ab53dcceb66e7bf6ada65f3
[2025-11-10 18:27:20] ✅ Khởi tạo thanh toán VNPAY: Booking ID 39, Amount 140000,00
[2025-11-10 18:28:38] === PaymentCallback - URL: https://localhost:44300/Invoice/PaymentCallback
[2025-11-10 18:28:38] === Query String: 
[2025-11-10 18:28:38] ⚠️ Không có vnp_SecureHash - Chế độ localhost (không xác minh chữ ký)
[2025-11-10 18:28:38] ✅ Localhost Mode: Giả lập response thành công
[2025-11-10 18:28:38] Extracted Booking ID: 0
[2025-11-10 18:28:38] ❌ Không thể trích xuất Booking ID từ: 
[2025-11-10 18:28:38] ⚠️ Hiển thị trang thanh toán thất bại: Không thể xác định đơn hàng
[2025-11-10 18:31:04] ? BookingExpirationService stopped
[2025-11-10 18:35:58] ? BookingExpirationService started
[2025-11-10 18:36:06] SelectSeats (Fresh DB): showtime=10, paidBookings=1, bookedCount=0
[2025-11-10 18:36:12] ✅ Tạo Dat_Ve mới: ID=40, Trạng thái=Chưa thanh toán
[2025-11-10 18:36:12] ✅ Cập nhật Dat_Ve: ID=40, Tổng tiền=140000,00, Vé=2, Đồ ăn=0
[2025-11-10 18:36:14] ✅ Xem hóa đơn: Booking ID 40
[2025-11-10 18:36:17] ✅ PaymentGateway Initialized:
[2025-11-10 18:36:17]    - VNPay URL: https://sandbox.vnpayment.vn/paymentv2/vpcpay.html
[2025-11-10 18:36:17]    - TMN Code: OOI636PL
[2025-11-10 18:36:17]    - Return URL: https://localhost:44300/Invoice/PaymentCallback
[2025-11-10 18:36:17] ✅ Tạo URL Thanh Toán VNPay:
[2025-11-10 18:36:17]    - TMN Code: OOI636PL
[2025-11-10 18:36:17]    - Số tiền: 140000,00 VND
[2025-11-10 18:36:17]    - Thông tin: Thanh toán vé xem phim - Mã đơn: 40
[2025-11-10 18:36:17]    - ReturnUrl: https://localhost:44300/Invoice/PaymentCallback
[2025-11-10 18:36:17]    - Data to hash: vnp_Amount=14000000&vnp_Command=pay&vnp_CreateDate=20251110183617&vnp_CurrCode=VND&vnp_ExpireDate=20251110185117&vnp_IpAddr=127.0.0.1&vnp_Locale=vn&vnp_OrderInfo=Thanh%20to%C3%A1n%20v%C3%A9%20xem%20phim%20-%20M%C3%A3%20%C4%91%C6%A1n%3A%2040&vnp_OrderType=billpayment&vnp_ReturnUrl=https%3A%2F%2Flocalhost%3A44300%2FInvoice%2FPaymentCallback&vnp_TmnCode=OOI636PL&vnp_TxnRef=638983965775543931&vnp_Version=2.1.0
[2025-11-10 18:36:17]    - Hash: 715e45e88b9012f85328b8547a26560c1dc66f031289f818ac72ee9e71e12a7dec3184019abc05cf54d1e9f20566202fa638cf07489c97047de0613ec9d36056
[2025-11-10 18:36:17] ✅ Khởi tạo thanh toán VNPAY: Booking ID 40, Amount 140000,00
[2025-11-10 18:38:09] === PaymentCallback - URL: https://localhost:44300/Invoice/PaymentCallback
[2025-11-10 18:38:09] === Query String: 
[2025-11-10 18:38:09] ⚠️ Không có vnp_SecureHash - Chế độ localhost (không xác minh chữ ký)
[2025-11-10 18:38:09] ✅ Localhost Mode: Giả lập response thành công
[2025-11-10 18:38:09] ⚠️ OrderInfo rỗng
[2025-11-10 18:38:09] Extracted Booking ID: 0
[2025-11-10 18:38:09] ❌ Không thể trích xuất Booking ID từ: 
[2025-11-10 18:38:09] ⚠️ Hiển thị trang thanh toán thất bại: Không thể xác định đơn hàng
[2025-11-10 18:50:57] ? BookingExpirationService stopped
[2025-11-10 18:55:14] ? BookingExpirationService started
[2025-11-10 18:55:23] SelectSeats (Fresh DB): showtime=10, paidBookings=1, bookedCount=0
[2025-11-10 18:55:30] ✅ Tạo Dat_Ve mới: ID=41, Trạng thái=Chưa thanh toán
[2025-11-10 18:55:30] ✅ Cập nhật Dat_Ve: ID=41, Tổng tiền=140040,00, Vé=2, Đồ ăn=0
[2025-11-10 18:55:34] ✅ Xem hóa đơn: Booking ID 41
[2025-11-10 18:55:37] ✅ PaymentGateway Initialized:
[2025-11-10 18:55:37]    - VNPay URL: https://sandbox.vnpayment.vn/paymentv2/vpcpay.html
[2025-11-10 18:55:37]    - TMN Code: OOI636PL
[2025-11-10 18:55:37]    - Return URL: https://localhost:44300/Invoice/PaymentCallback
[2025-11-10 18:55:37] ✅ Tạo URL Thanh Toán VNPay:
[2025-11-10 18:55:37]    - TMN Code: OOI636PL
[2025-11-10 18:55:37]    - Số tiền: 140040,00 VND
[2025-11-10 18:55:37]    - Thông tin: Thanh toán vé xem phim - Mã đơn: 41
[2025-11-10 18:55:37]    - ReturnUrl: https://localhost:44300/Invoice/PaymentCallback
[2025-11-10 18:55:37]    - Data to hash: vnp_Amount=14004000&vnp_Command=pay&vnp_CreateDate=20251110185537&vnp_CurrCode=VND&vnp_ExpireDate=20251110191037&vnp_IpAddr=127.0.0.1&vnp_Locale=vn&vnp_OrderInfo=Thanh%20to%C3%A1n%20v%C3%A9%20xem%20phim%20-%20M%C3%A3%20%C4%91%C6%A1n%3A%2041&vnp_OrderType=billpayment&vnp_ReturnUrl=https%3A%2F%2Flocalhost%3A44300%2FInvoice%2FPaymentCallback&vnp_TmnCode=OOI636PL&vnp_TxnRef=638983977377674038&vnp_Version=2.1.0
[2025-11-10 18:55:37]    - Hash: 0f5634255ced958c8f7fbb5407e3861a863a3db27efae12534ecf4b27ce54e583524372fcc9dd28cf677fde0e81ebb13fdb4bdbda9ef3b25dc62d9dd3456ae31
[2025-11-10 18:55:37] ✅ Khởi tạo thanh toán VNPAY: Booking ID 41, Amount 140040,00
[2025-11-10 19:08:02] ? BookingExpirationService started
[2025-11-10 19:08:19] SelectSeats (Fresh DB): showtime=10, paidBookings=1, bookedCount=0
[2025-11-10 19:08:26] ✅ Tạo Dat_Ve mới: ID=42, Trạng thái=Chưa thanh toán
[2025-11-10 19:08:26] ✅ Cập nhật Dat_Ve: ID=42, Tổng tiền=140000,00, Vé=2, Đồ ăn=0
[2025-11-10 19:08:31] ✅ Xem hóa đơn: Booking ID 42
[2025-11-10 19:08:35] ✅ PaymentGateway Initialized (Official Spec):
[2025-11-10 19:08:35]    - TmnCode: OOI636PL
[2025-11-10 19:08:35]    - BaseUrl: https://sandbox.vnpayment.vn/paymentv2/vpcpay.html
[2025-11-10 19:08:35]    - ReturnUrl: https://localhost:44300/Invoice/PaymentCallback
[2025-11-10 19:08:35] ✅ Tạo URL Thanh Toán:
[2025-11-10 19:08:35]    - Amount: 140000,00 VND
[2025-11-10 19:08:35]    - OrderInfo: Thanh toán vé xem phim - Mã đơn: 42
[2025-11-10 19:08:35]    - Hash: a41b3a4d2bd363b88eda708de152030cf41de2387bdcec02167efc95a56c38246bc6b1bcf93ac1eabd3c13ae10b16ea3393f0f6f9b9f60ec46de8e4edf717b19
[2025-11-10 19:08:35] ✅ Khởi tạo thanh toán VNPAY: Booking ID 42, Amount 140000,00
[2025-11-10 19:15:14] ? BookingExpirationService started
[2025-11-10 19:15:26] SelectSeats (Fresh DB): showtime=10, paidBookings=1, bookedCount=0
[2025-11-10 19:15:33] ✅ Tạo Dat_Ve mới: ID=43, Trạng thái=Chưa thanh toán
[2025-11-10 19:15:33] ✅ Cập nhật Dat_Ve: ID=43, Tổng tiền=140000,00, Vé=2, Đồ ăn=0
[2025-11-10 19:15:36] ✅ Xem hóa đơn: Booking ID 43
[2025-11-10 19:15:38] ✅ PaymentGateway Initialized (Official Spec):
[2025-11-10 19:15:38]    - TmnCode: OOI636PL
[2025-11-10 19:15:38]    - BaseUrl: https://sandbox.vnpayment.vn/paymentv2/vpcpay.html
[2025-11-10 19:15:38]    - ReturnUrl: https://localhost:44300/Invoice/PaymentCallback
[2025-11-10 19:15:38] ✅ Tạo URL Thanh Toán:
[2025-11-10 19:15:38]    - Amount: 140000,00 VND
[2025-11-10 19:15:38]    - OrderInfo: Thanh toán vé xem phim - Mã đơn: 43
[2025-11-10 19:15:38]    - Hash: b7b924e102ea6d177373487083671d72dfbfece4cc9aa903d112f5031db2d3a80b00796b8fa546a1d2f0e3826025c991cb7b07bfa77986278fd976d4995d80f3
[2025-11-10 19:15:38] ✅ Khởi tạo thanh toán VNPAY: Booking ID 43, Amount 140000,00
[2025-11-10 19:23:41] ? BookingExpirationService started
[2025-11-10 19:23:51] SelectSeats (Fresh DB): showtime=10, paidBookings=1, bookedCount=0
[2025-11-10 19:23:56] ✅ Tạo Dat_Ve mới: ID=44, Trạng thái=Chưa thanh toán
[2025-11-10 19:23:56] ✅ Cập nhật Dat_Ve: ID=44, Tổng tiền=140000,00, Vé=2, Đồ ăn=0
[2025-11-10 19:23:59] ✅ Xem hóa đơn: Booking ID 44
[2025-11-10 19:24:02] ✅ PaymentGateway Initialized (Official Spec):
[2025-11-10 19:24:02]    - TmnCode: OOI636PL
[2025-11-10 19:24:02]    - BaseUrl: https://sandbox.vnpayment.vn/paymentv2/vpcpay.html
[2025-11-10 19:24:02]    - ReturnUrl: https://localhost:44300/Invoice/PaymentCallback
[2025-11-10 19:24:02] ✅ Tạo URL Thanh Toán:
[2025-11-10 19:24:02]    - Amount: 140000,00 VND
[2025-11-10 19:24:02]    - OrderInfo: Thanh toán vé xem phim - Mã đơn: 44
[2025-11-10 19:24:02]    - Hash: c39d5cf20b0f8f44060a642aedd1d115aa04c6f282901b9e9651673630477edf155bac5425334dd45b9b17a92c118579bd4ed5be5b83fb239dd041e8f6c64233
[2025-11-10 19:24:02] ✅ Khởi tạo thanh toán VNPAY: Booking ID 44, Amount 140000,00
[2025-11-10 19:24:02] ✅ Lưu Session: CurrentPaymentBookingId = 44
[2025-11-10 19:29:21] ? BookingExpirationService started
[2025-11-10 19:29:31] SelectSeats (Fresh DB): showtime=10, paidBookings=1, bookedCount=0
[2025-11-10 19:29:38] ✅ Tạo Dat_Ve mới: ID=45, Trạng thái=Chưa thanh toán
[2025-11-10 19:29:38] ✅ Cập nhật Dat_Ve: ID=45, Tổng tiền=140000,00, Vé=2, Đồ ăn=0
[2025-11-10 19:29:40] ✅ Xem hóa đơn: Booking ID 45
[2025-11-10 19:29:44] ✅ PaymentGateway Initialized (Official Spec):
[2025-11-10 19:29:44]    - TmnCode: OOI636PL
[2025-11-10 19:29:44]    - BaseUrl: https://sandbox.vnpayment.vn/paymentv2/vpcpay.html
[2025-11-10 19:29:44]    - ReturnUrl: https://localhost:44300/Invoice/PaymentCallback
[2025-11-10 19:29:44] ✅ Tạo URL Thanh Toán:
[2025-11-10 19:29:44]    - Amount: 140000,00 VND
[2025-11-10 19:29:44]    - OrderInfo: Thanh toán vé xem phim - Mã đơn: 45
[2025-11-10 19:29:44]    - Hash: cba0ddfb3f800409cde76b122db05447e2ccd6a1ded831d951d308539b5d166703ce39970b9bcdbb2b63dae5a3d399487ca3fce90a0a11fffbd5d69ebc6aa9b7
[2025-11-10 19:29:44] ✅ Khởi tạo thanh toán VNPAY: Booking ID 45, Amount 140000,00
[2025-11-10 19:29:44] ✅ Lưu Session: CurrentPaymentBookingId = 45
[2025-11-10 19:29:55] === PaymentCallback - URL: https://localhost:44300/Invoice/PaymentCallback
[2025-11-10 19:29:55] === Query String: 
[2025-11-10 19:29:55] ⚠️ Không có vnp_SecureHash - Chế độ localhost (không xác minh chữ ký)
[2025-11-10 19:29:55] ✅ Localhost Mode: Giả lập response thành công
[2025-11-10 19:29:55] ⚠️ OrderInfo rỗng
[2025-11-10 19:29:55] Extracted Booking ID: 0
[2025-11-10 19:29:55] ✅ Fallback: Lấy Booking ID từ Session: 45
[2025-11-10 19:29:55] ✅ Thanh toán localhost thành công!
[2025-11-10 19:29:55]    - Booking ID: 45
[2025-11-10 19:29:55]    - Số tiền: 0
[2025-11-10 19:29:56] ✅ Hiển thị trang thanh toán thành công: Booking 45
[2025-11-10 19:30:46] ✅ Hiển thị trang thanh toán thành công: Booking 45
[2025-11-10 19:31:17] ✅ Hiển thị trang thanh toán thành công: Booking 45
[2025-11-10 19:31:26] ✅ Hiển thị trang thanh toán thành công: Booking 45
[2025-11-10 19:31:32] ✅ Xem hóa đơn: Booking ID 45
[2025-11-10 19:33:31] SelectSeats (Fresh DB): showtime=10, paidBookings=2, bookedCount=2
[2025-11-10 19:33:31] Booked seat ids: 165,166
[2025-11-10 20:21:36] ? BookingExpirationService started
[2025-11-10 20:30:27] ? BookingExpirationService started
